<html>
<body>
<pre>
<h1>µVision Build Log</h1>
<h2>Tool Versions:</h2>
IDE-Version: µVision V5.24.2.0
Copyright (C) 2017 ARM Ltd and ARM Germany GmbH. All rights reserved.
License Information: Vladimir Chornenkiy, NTC, LIC=----
 
Tool Versions:
Toolchain:       MDK-Lite  Version: 5.24.1
Toolchain Path:  C:\Keil_v5\ARM\ARMCC\Bin
C Compiler:      Armcc.exe V5.06 update 5 (build 528)
Assembler:       Armasm.exe V5.06 update 5 (build 528)
Linker/Locator:  ArmLink.exe V5.06 update 5 (build 528)
Library Manager: ArmAr.exe V5.06 update 5 (build 528)
Hex Converter:   FromElf.exe V5.06 update 5 (build 528)
CPU DLL:         SARMCM3.DLL V5.24.1
Dialog DLL:      DARMSTM.DLL V1.68.0.0
Target DLL:      STLink\ST-LINKIII-KEIL_SWO.dll V3.0.1.0
Dialog DLL:      TARMSTM.DLL V1.66.0.0
 
<h2>Project:</h2>
C:\Users\Vladimir_Chornenkiy\Desktop\v_0.2_STM32F103_SIM800L_LCD_PHONE_12.11.2017\v_0.2_STM32F103_SIM800L_LCD_PHONE_12.11.2017.uvprojx
Project File Date:  10/21/2019

<h2>Output:</h2>
*** Using Compiler 'V5.06 update 5 (build 528)', folder: 'C:\Keil_v5\ARM\ARMCC\Bin'
Rebuild target 'v_0.2_Phone+GPS'
assembling startup_stm32f10x_md.s...
compiling main.c...
compiling core_cm3.c...
compiling system_stm32f10x.c...
compiling n3310.c...
LCD5110 (Driver AVR to STM)\n3310.c(48): warning:  #550-D: variable "UpdateLcd"  was set but never used
  static byte UpdateLcd;
LCD5110 (Driver AVR to STM)\n3310.c: 1 warning, 0 errors
compiling stm32f10x_adc.c...
compiling stm32f10x_dma.c...
compiling stm32f10x_flash.c...
compiling stm32f10x_gpio.c...
compiling stm32f10x_rtc.c...
compiling stm32f10x_rcc.c...
compiling stm32f10x_sdio.c...
compiling stm32f10x_spi.c...
compiling stm32f10x_tim.c...
compiling misc.c...
compiling stm32f10x_usart.c...
compiling stm32f10x_bkp.c...
compiling wi-fi_esp8266.c...
compiling uart.c...
compiling stm32f10x_exti.c...
compiling gsm_sim800l.c...
compiling visualization.c...
compiling functions.c...
compiling gps_sim28ml.c...
compiling cpu_init.c...
linking...
Program Size: Code=788 RO-data=252 RW-data=0 ZI-data=1632  
".\Objects\v_0.2_STM32F103_SIM800L_LCD_PHONE_12.11.2017" - 0 Error(s), 1 Warning(s).

<h2>Software Packages used:</h2>

Package Vendor: Keil
                http://www.keil.com/pack/Keil.STM32F1xx_DFP.2.3.0.pack
                Keil.STM32F1xx_DFP.2.3.0
                STMicroelectronics STM32F1 Series Device Support, Drivers and Examples

<h2>Collection of Component include folders:</h2>
  .\RTE\_v_0.2_Phone_GPS
  C:\Keil_v5\ARM\PACK\Keil\STM32F1xx_DFP\2.3.0\Device\Include

<h2>Collection of Component Files used:</h2>
Build Time Elapsed:  00:00:05
</pre>
</body>
</html>
