Component: ARM Compiler 5.06 update 5 (build 528) Tool: armlink [4d35e2]

==============================================================================

Section Cross References

    startup_stm32f10x_md.o(STACK) refers (Special) to heapauxi.o(.text) for __use_two_region_memory
    startup_stm32f10x_md.o(HEAP) refers (Special) to heapauxi.o(.text) for __use_two_region_memory
    startup_stm32f10x_md.o(RESET) refers (Special) to heapauxi.o(.text) for __use_two_region_memory
    startup_stm32f10x_md.o(RESET) refers to startup_stm32f10x_md.o(STACK) for __initial_sp
    startup_stm32f10x_md.o(RESET) refers to startup_stm32f10x_md.o(.text) for Reset_Handler
    startup_stm32f10x_md.o(RESET) refers to port.o(.emb_text) for SVC_Handler
    startup_stm32f10x_md.o(RESET) refers to port.o(i.SysTick_Handler) for SysTick_Handler
    startup_stm32f10x_md.o(.text) refers (Special) to heapauxi.o(.text) for __use_two_region_memory
    startup_stm32f10x_md.o(.text) refers to system_stm32f10x.o(i.SystemInit) for SystemInit
    startup_stm32f10x_md.o(.text) refers to __main.o(!!!main) for __main
    startup_stm32f10x_md.o(.text) refers to startup_stm32f10x_md.o(HEAP) for Heap_Mem
    startup_stm32f10x_md.o(.text) refers to startup_stm32f10x_md.o(STACK) for Stack_Mem
    main.o(i.main) refers to tasks.o(i.xTaskGenericCreate) for xTaskGenericCreate
    main.o(i.main) refers to tasks.o(i.vTaskStartScheduler) for vTaskStartScheduler
    main.o(i.main) refers to tasks_1.o(i.vTask_SystemInit) for vTask_SystemInit
    main.o(i.main) refers to tasks_1.o(i.vTask_OperativeComputing) for vTask_OperativeComputing
    main.o(i.main) refers to tasks_1.o(i.vTask_ScanInputDevices) for vTask_ScanInputDevices
    main.o(i.main) refers to tasks_1.o(i.vTask_Visualization) for vTask_Visualization
    system_stm32f10x.o(i.SetSysClock) refers to system_stm32f10x.o(i.SetSysClockTo72) for SetSysClockTo72
    system_stm32f10x.o(i.SystemCoreClockUpdate) refers to system_stm32f10x.o(.data) for SystemCoreClock
    system_stm32f10x.o(i.SystemInit) refers to system_stm32f10x.o(i.SetSysClock) for SetSysClock
    croutine.o(i.prvCheckDelayedList) refers to tasks.o(i.xTaskGetTickCount) for xTaskGetTickCount
    croutine.o(i.prvCheckDelayedList) refers to port.o(.emb_text) for ulPortSetInterruptMask
    croutine.o(i.prvCheckDelayedList) refers to list.o(i.uxListRemove) for uxListRemove
    croutine.o(i.prvCheckDelayedList) refers to list.o(i.vListInsertEnd) for vListInsertEnd
    croutine.o(i.prvCheckDelayedList) refers to croutine.o(.data) for xLastTickCount
    croutine.o(i.prvCheckDelayedList) refers to croutine.o(.bss) for pxReadyCoRoutineLists
    croutine.o(i.prvCheckPendingReadyList) refers to port.o(.emb_text) for ulPortSetInterruptMask
    croutine.o(i.prvCheckPendingReadyList) refers to list.o(i.uxListRemove) for uxListRemove
    croutine.o(i.prvCheckPendingReadyList) refers to list.o(i.vListInsertEnd) for vListInsertEnd
    croutine.o(i.prvCheckPendingReadyList) refers to croutine.o(.bss) for xPendingReadyCoRoutineList
    croutine.o(i.prvCheckPendingReadyList) refers to croutine.o(.data) for uxTopCoRoutineReadyPriority
    croutine.o(i.prvInitialiseCoRoutineLists) refers to list.o(i.vListInitialise) for vListInitialise
    croutine.o(i.prvInitialiseCoRoutineLists) refers to croutine.o(.bss) for pxReadyCoRoutineLists
    croutine.o(i.prvInitialiseCoRoutineLists) refers to croutine.o(.data) for pxDelayedCoRoutineList
    croutine.o(i.vCoRoutineAddToDelayedList) refers to list.o(i.uxListRemove) for uxListRemove
    croutine.o(i.vCoRoutineAddToDelayedList) refers to list.o(i.vListInsert) for vListInsert
    croutine.o(i.vCoRoutineAddToDelayedList) refers to croutine.o(.data) for xCoRoutineTickCount
    croutine.o(i.vCoRoutineSchedule) refers to croutine.o(i.prvCheckPendingReadyList) for prvCheckPendingReadyList
    croutine.o(i.vCoRoutineSchedule) refers to croutine.o(i.prvCheckDelayedList) for prvCheckDelayedList
    croutine.o(i.vCoRoutineSchedule) refers to croutine.o(.data) for uxTopCoRoutineReadyPriority
    croutine.o(i.vCoRoutineSchedule) refers to croutine.o(.bss) for pxReadyCoRoutineLists
    croutine.o(i.xCoRoutineCreate) refers to heap_1.o(i.pvPortMalloc) for pvPortMalloc
    croutine.o(i.xCoRoutineCreate) refers to croutine.o(i.prvInitialiseCoRoutineLists) for prvInitialiseCoRoutineLists
    croutine.o(i.xCoRoutineCreate) refers to list.o(i.vListInitialiseItem) for vListInitialiseItem
    croutine.o(i.xCoRoutineCreate) refers to list.o(i.vListInsertEnd) for vListInsertEnd
    croutine.o(i.xCoRoutineCreate) refers to croutine.o(.data) for pxCurrentCoRoutine
    croutine.o(i.xCoRoutineCreate) refers to croutine.o(.bss) for pxReadyCoRoutineLists
    croutine.o(i.xCoRoutineRemoveFromEventList) refers to list.o(i.uxListRemove) for uxListRemove
    croutine.o(i.xCoRoutineRemoveFromEventList) refers to list.o(i.vListInsertEnd) for vListInsertEnd
[...]
    Removing stm32f10x_rcc.o(i.RCC_GetITStatus), (24 bytes).
    Removing stm32f10x_rcc.o(i.RCC_GetSYSCLKSource), (16 bytes).
    Removing stm32f10x_rcc.o(i.RCC_HCLKConfig), (24 bytes).
    Removing stm32f10x_rcc.o(i.RCC_HSEConfig), (76 bytes).
    Removing stm32f10x_rcc.o(i.RCC_HSICmd), (12 bytes).
    Removing stm32f10x_rcc.o(i.RCC_ITConfig), (32 bytes).
    Removing stm32f10x_rcc.o(i.RCC_LSEConfig), (52 bytes).
    Removing stm32f10x_rcc.o(i.RCC_LSICmd), (12 bytes).
    Removing stm32f10x_rcc.o(i.RCC_MCOConfig), (12 bytes).
    Removing stm32f10x_rcc.o(i.RCC_PCLK1Config), (24 bytes).
    Removing stm32f10x_rcc.o(i.RCC_PCLK2Config), (24 bytes).
    Removing stm32f10x_rcc.o(i.RCC_PLLCmd), (12 bytes).
    Removing stm32f10x_rcc.o(i.RCC_PLLConfig), (28 bytes).
    Removing stm32f10x_rcc.o(i.RCC_RTCCLKCmd), (12 bytes).
    Removing stm32f10x_rcc.o(i.RCC_RTCCLKConfig), (16 bytes).
    Removing stm32f10x_rcc.o(i.RCC_SYSCLKConfig), (24 bytes).
    Removing stm32f10x_rcc.o(i.RCC_USBCLKConfig), (12 bytes).
    Removing stm32f10x_rcc.o(i.RCC_WaitForHSEStartUp), (56 bytes).
    Removing stm32f10x_rtc.o(i.RTC_ClearFlag), (16 bytes).
    Removing stm32f10x_rtc.o(i.RTC_ClearITPendingBit), (16 bytes).
    Removing stm32f10x_rtc.o(i.RTC_EnterConfigMode), (20 bytes).
    Removing stm32f10x_rtc.o(i.RTC_ExitConfigMode), (20 bytes).
    Removing stm32f10x_rtc.o(i.RTC_GetCounter), (20 bytes).
    Removing stm32f10x_rtc.o(i.RTC_GetDivider), (24 bytes).
    Removing stm32f10x_rtc.o(i.RTC_GetFlagStatus), (24 bytes).
    Removing stm32f10x_rtc.o(i.RTC_GetITStatus), (36 bytes).
    Removing stm32f10x_rtc.o(i.RTC_ITConfig), (32 bytes).
    Removing stm32f10x_rtc.o(i.RTC_SetAlarm), (28 bytes).
    Removing stm32f10x_rtc.o(i.RTC_SetCounter), (28 bytes).
    Removing stm32f10x_rtc.o(i.RTC_SetPrescaler), (32 bytes).
    Removing stm32f10x_rtc.o(i.RTC_WaitForLastTask), (20 bytes).
    Removing stm32f10x_rtc.o(i.RTC_WaitForSynchro), (36 bytes).
    Removing stm32f10x_sdio.o(i.SDIO_CEATAITCmd), (16 bytes).
    Removing stm32f10x_sdio.o(i.SDIO_ClearFlag), (12 bytes).
    Removing stm32f10x_sdio.o(i.SDIO_ClearITPendingBit), (12 bytes).
    Removing stm32f10x_sdio.o(i.SDIO_ClockCmd), (12 bytes).
    Removing stm32f10x_sdio.o(i.SDIO_CmdStructInit), (14 bytes).
    Removing stm32f10x_sdio.o(i.SDIO_CommandCompletionCmd), (12 bytes).
    Removing stm32f10x_sdio.o(i.SDIO_DMACmd), (12 bytes).
    Removing stm32f10x_sdio.o(i.SDIO_DataConfig), (48 bytes).
    Removing stm32f10x_sdio.o(i.SDIO_DataStructInit), (20 bytes).
    Removing stm32f10x_sdio.o(i.SDIO_DeInit), (36 bytes).
    Removing stm32f10x_sdio.o(i.SDIO_GetCommandResponse), (12 bytes).
    Removing stm32f10x_sdio.o(i.SDIO_GetDataCounter), (12 bytes).
    Removing stm32f10x_sdio.o(i.SDIO_GetFIFOCount), (12 bytes).
    Removing stm32f10x_sdio.o(i.SDIO_GetFlagStatus), (24 bytes).
    Removing stm32f10x_sdio.o(i.SDIO_GetITStatus), (24 bytes).
    Removing stm32f10x_sdio.o(i.SDIO_GetPowerState), (16 bytes).
    Removing stm32f10x_sdio.o(i.SDIO_GetResponse), (24 bytes).
    Removing stm32f10x_sdio.o(i.SDIO_ITConfig), (32 bytes).
    Removing stm32f10x_sdio.o(i.SDIO_Init), (48 bytes).
    Removing stm32f10x_sdio.o(i.SDIO_ReadData), (12 bytes).
    Removing stm32f10x_sdio.o(i.SDIO_SendCEATACmd), (12 bytes).
    Removing stm32f10x_sdio.o(i.SDIO_SendCommand), (44 bytes).
    Removing stm32f10x_sdio.o(i.SDIO_SendSDIOSuspendCmd), (12 bytes).
    Removing stm32f10x_sdio.o(i.SDIO_SetPowerState), (28 bytes).
    Removing stm32f10x_sdio.o(i.SDIO_SetSDIOOperation), (12 bytes).
    Removing stm32f10x_sdio.o(i.SDIO_SetSDIOReadWaitMode), (12 bytes).
    Removing stm32f10x_sdio.o(i.SDIO_StartSDIOReadWait), (12 bytes).
    Removing stm32f10x_sdio.o(i.SDIO_StopSDIOReadWait), (12 bytes).
    Removing stm32f10x_sdio.o(i.SDIO_StructInit), (16 bytes).
    Removing stm32f10x_sdio.o(i.SDIO_WriteData), (12 bytes).
    Removing stm32f10x_spi.o(i.I2S_Cmd), (24 bytes).
    Removing stm32f10x_spi.o(i.I2S_Init), (232 bytes).
    Removing stm32f10x_spi.o(i.I2S_StructInit), (20 bytes).
    Removing stm32f10x_spi.o(i.SPI_BiDirectionalLineConfig), (28 bytes).
    Removing stm32f10x_spi.o(i.SPI_CalculateCRC), (24 bytes).
    Removing stm32f10x_spi.o(i.SPI_Cmd), (24 bytes).
    Removing stm32f10x_spi.o(i.SPI_DataSizeConfig), (18 bytes).
    Removing stm32f10x_spi.o(i.SPI_GetCRC), (16 bytes).
    Removing stm32f10x_spi.o(i.SPI_GetCRCPolynomial), (6 bytes).
    Removing stm32f10x_spi.o(i.SPI_I2S_ClearFlag), (6 bytes).
    Removing stm32f10x_spi.o(i.SPI_I2S_ClearITPendingBit), (20 bytes).
    Removing stm32f10x_spi.o(i.SPI_I2S_DMACmd), (18 bytes).
    Removing stm32f10x_spi.o(i.SPI_I2S_DeInit), (88 bytes).
    Removing stm32f10x_spi.o(i.SPI_I2S_GetFlagStatus), (18 bytes).
    Removing stm32f10x_spi.o(i.SPI_I2S_GetITStatus), (52 bytes).
    Removing stm32f10x_spi.o(i.SPI_I2S_ITConfig), (32 bytes).
    Removing stm32f10x_spi.o(i.SPI_I2S_ReceiveData), (6 bytes).
    Removing stm32f10x_spi.o(i.SPI_I2S_SendData), (4 bytes).
    Removing stm32f10x_spi.o(i.SPI_Init), (60 bytes).
    Removing stm32f10x_spi.o(i.SPI_NSSInternalSoftwareConfig), (30 bytes).
    Removing stm32f10x_spi.o(i.SPI_SSOutputCmd), (24 bytes).
    Removing stm32f10x_spi.o(i.SPI_StructInit), (24 bytes).
    Removing stm32f10x_spi.o(i.SPI_TransmitCRC), (10 bytes).
    Removing stm32f10x_tim.o(i.TI1_Config), (128 bytes).
    Removing stm32f10x_tim.o(i.TI2_Config), (152 bytes).
    Removing stm32f10x_tim.o(i.TI3_Config), (144 bytes).
    Removing stm32f10x_tim.o(i.TI4_Config), (152 bytes).
    Removing stm32f10x_tim.o(i.TIM_ARRPreloadConfig), (24 bytes).
    Removing stm32f10x_tim.o(i.TIM_BDTRConfig), (32 bytes).
    Removing stm32f10x_tim.o(i.TIM_BDTRStructInit), (18 bytes).
    Removing stm32f10x_tim.o(i.TIM_CCPreloadControl), (24 bytes).
    Removing stm32f10x_tim.o(i.TIM_CCxCmd), (30 bytes).
    Removing stm32f10x_tim.o(i.TIM_CCxNCmd), (30 bytes).
    Removing stm32f10x_tim.o(i.TIM_ClearFlag), (6 bytes).
    Removing stm32f10x_tim.o(i.TIM_ClearITPendingBit), (6 bytes).
    Removing stm32f10x_tim.o(i.TIM_ClearOC1Ref), (18 bytes).
    Removing stm32f10x_tim.o(i.TIM_ClearOC2Ref), (24 bytes).
    Removing stm32f10x_tim.o(i.TIM_ClearOC3Ref), (18 bytes).
    Removing stm32f10x_tim.o(i.TIM_ClearOC4Ref), (24 bytes).
    Removing stm32f10x_tim.o(i.TIM_Cmd), (24 bytes).
    Removing stm32f10x_tim.o(i.TIM_CounterModeConfig), (18 bytes).
    Removing stm32f10x_tim.o(i.TIM_CtrlPWMOutputs), (30 bytes).
    Removing stm32f10x_tim.o(i.TIM_DMACmd), (18 bytes).
    Removing stm32f10x_tim.o(i.TIM_DMAConfig), (10 bytes).
    Removing stm32f10x_tim.o(i.TIM_DeInit), (488 bytes).
    Removing stm32f10x_tim.o(i.TIM_ETRClockMode1Config), (54 bytes).
    Removing stm32f10x_tim.o(i.TIM_ETRClockMode2Config), (32 bytes).
    Removing stm32f10x_tim.o(i.TIM_ETRConfig), (28 bytes).
    Removing stm32f10x_tim.o(i.TIM_EncoderInterfaceConfig), (66 bytes).
    Removing stm32f10x_tim.o(i.TIM_ForcedOC1Config), (18 bytes).
    Removing stm32f10x_tim.o(i.TIM_ForcedOC2Config), (26 bytes).
    Removing stm32f10x_tim.o(i.TIM_ForcedOC3Config), (18 bytes).
    Removing stm32f10x_tim.o(i.TIM_ForcedOC4Config), (26 bytes).
    Removing stm32f10x_tim.o(i.TIM_GenerateEvent), (4 bytes).
    Removing stm32f10x_tim.o(i.TIM_GetCapture1), (6 bytes).
    Removing stm32f10x_tim.o(i.TIM_GetCapture2), (6 bytes).
    Removing stm32f10x_tim.o(i.TIM_GetCapture3), (6 bytes).
    Removing stm32f10x_tim.o(i.TIM_GetCapture4), (8 bytes).
    Removing stm32f10x_tim.o(i.TIM_GetCounter), (6 bytes).
    Removing stm32f10x_tim.o(i.TIM_GetFlagStatus), (18 bytes).
    Removing stm32f10x_tim.o(i.TIM_GetITStatus), (34 bytes).
    Removing stm32f10x_tim.o(i.TIM_GetPrescaler), (6 bytes).
    Removing stm32f10x_tim.o(i.TIM_ICInit), (172 bytes).
    Removing stm32f10x_tim.o(i.TIM_ICStructInit), (18 bytes).
    Removing stm32f10x_tim.o(i.TIM_ITConfig), (18 bytes).
    Removing stm32f10x_tim.o(i.TIM_ITRxExternalClockConfig), (24 bytes).
    Removing stm32f10x_tim.o(i.TIM_InternalClockConfig), (12 bytes).
    Removing stm32f10x_tim.o(i.TIM_OC1FastConfig), (18 bytes).
    Removing stm32f10x_tim.o(i.TIM_OC1Init), (152 bytes).
    Removing stm32f10x_tim.o(i.TIM_OC1NPolarityConfig), (18 bytes).
    Removing stm32f10x_tim.o(i.TIM_OC1PolarityConfig), (18 bytes).
    Removing stm32f10x_tim.o(i.TIM_OC1PreloadConfig), (18 bytes).
    Removing stm32f10x_tim.o(i.TIM_OC2FastConfig), (26 bytes).
    Removing stm32f10x_tim.o(i.TIM_OC2Init), (164 bytes).
    Removing stm32f10x_tim.o(i.TIM_OC2NPolarityConfig), (26 bytes).
    Removing stm32f10x_tim.o(i.TIM_OC2PolarityConfig), (26 bytes).
    Removing stm32f10x_tim.o(i.TIM_OC2PreloadConfig), (26 bytes).
    Removing stm32f10x_tim.o(i.TIM_OC3FastConfig), (18 bytes).
    Removing stm32f10x_tim.o(i.TIM_OC3Init), (160 bytes).
    Removing stm32f10x_tim.o(i.TIM_OC3NPolarityConfig), (26 bytes).
    Removing stm32f10x_tim.o(i.TIM_OC3PolarityConfig), (26 bytes).
    Removing stm32f10x_tim.o(i.TIM_OC3PreloadConfig), (18 bytes).
    Removing stm32f10x_tim.o(i.TIM_OC4FastConfig), (26 bytes).
    Removing stm32f10x_tim.o(i.TIM_OC4Init), (124 bytes).
    Removing stm32f10x_tim.o(i.TIM_OC4PolarityConfig), (26 bytes).
    Removing stm32f10x_tim.o(i.TIM_OC4PreloadConfig), (26 bytes).
    Removing stm32f10x_tim.o(i.TIM_OCStructInit), (20 bytes).
    Removing stm32f10x_tim.o(i.TIM_PWMIConfig), (124 bytes).
    Removing stm32f10x_tim.o(i.TIM_PrescalerConfig), (6 bytes).
    Removing stm32f10x_tim.o(i.TIM_SelectCCDMA), (24 bytes).
    Removing stm32f10x_tim.o(i.TIM_SelectCOM), (24 bytes).
    Removing stm32f10x_tim.o(i.TIM_SelectHallSensor), (24 bytes).
    Removing stm32f10x_tim.o(i.TIM_SelectInputTrigger), (18 bytes).
    Removing stm32f10x_tim.o(i.TIM_SelectMasterSlaveMode), (18 bytes).
    Removing stm32f10x_tim.o(i.TIM_SelectOCxM), (82 bytes).
    Removing stm32f10x_tim.o(i.TIM_SelectOnePulseMode), (18 bytes).
    Removing stm32f10x_tim.o(i.TIM_SelectOutputTrigger), (18 bytes).
    Removing stm32f10x_tim.o(i.TIM_SelectSlaveMode), (18 bytes).
    Removing stm32f10x_tim.o(i.TIM_SetAutoreload), (4 bytes).
    Removing stm32f10x_tim.o(i.TIM_SetClockDivision), (18 bytes).
    Removing stm32f10x_tim.o(i.TIM_SetCompare1), (4 bytes).
    Removing stm32f10x_tim.o(i.TIM_SetCompare2), (4 bytes).
    Removing stm32f10x_tim.o(i.TIM_SetCompare3), (4 bytes).
    Removing stm32f10x_tim.o(i.TIM_SetCompare4), (6 bytes).
    Removing stm32f10x_tim.o(i.TIM_SetCounter), (4 bytes).
    Removing stm32f10x_tim.o(i.TIM_SetIC1Prescaler), (18 bytes).
    Removing stm32f10x_tim.o(i.TIM_SetIC2Prescaler), (26 bytes).
    Removing stm32f10x_tim.o(i.TIM_SetIC3Prescaler), (18 bytes).
    Removing stm32f10x_tim.o(i.TIM_SetIC4Prescaler), (26 bytes).
    Removing stm32f10x_tim.o(i.TIM_TIxExternalClockConfig), (62 bytes).
    Removing stm32f10x_tim.o(i.TIM_TimeBaseInit), (164 bytes).
    Removing stm32f10x_tim.o(i.TIM_TimeBaseStructInit), (18 bytes).
    Removing stm32f10x_tim.o(i.TIM_UpdateDisableConfig), (24 bytes).
    Removing stm32f10x_tim.o(i.TIM_UpdateRequestConfig), (24 bytes).
    Removing stm32f10x_usart.o(i.USART_ClearFlag), (18 bytes).
    Removing stm32f10x_usart.o(i.USART_ClearITPendingBit), (30 bytes).
    Removing stm32f10x_usart.o(i.USART_ClockInit), (34 bytes).
    Removing stm32f10x_usart.o(i.USART_ClockStructInit), (12 bytes).
    Removing stm32f10x_usart.o(i.USART_DeInit), (156 bytes).
    Removing stm32f10x_usart.o(i.USART_GetFlagStatus), (26 bytes).
    Removing stm32f10x_usart.o(i.USART_GetITStatus), (84 bytes).
    Removing stm32f10x_usart.o(i.USART_HalfDuplexCmd), (24 bytes).
    Removing stm32f10x_usart.o(i.USART_ITConfig), (74 bytes).
    Removing stm32f10x_usart.o(i.USART_IrDACmd), (24 bytes).
    Removing stm32f10x_usart.o(i.USART_IrDAConfig), (18 bytes).
    Removing stm32f10x_usart.o(i.USART_LINBreakDetectLengthConfig), (18 bytes).
    Removing stm32f10x_usart.o(i.USART_LINCmd), (24 bytes).
    Removing stm32f10x_usart.o(i.USART_OneBitMethodCmd), (24 bytes).
    Removing stm32f10x_usart.o(i.USART_OverSampling8Cmd), (22 bytes).
    Removing stm32f10x_usart.o(i.USART_ReceiveData), (10 bytes).
    Removing stm32f10x_usart.o(i.USART_ReceiverWakeUpCmd), (24 bytes).
    Removing stm32f10x_usart.o(i.USART_SendBreak), (10 bytes).
    Removing stm32f10x_usart.o(i.USART_SendData), (8 bytes).
    Removing stm32f10x_usart.o(i.USART_SetAddress), (18 bytes).
    Removing stm32f10x_usart.o(i.USART_SetGuardTime), (16 bytes).
    Removing stm32f10x_usart.o(i.USART_SetPrescaler), (16 bytes).
    Removing stm32f10x_usart.o(i.USART_SmartCardCmd), (24 bytes).
    Removing stm32f10x_usart.o(i.USART_SmartCardNACKCmd), (24 bytes).
    Removing stm32f10x_usart.o(i.USART_StructInit), (24 bytes).
    Removing stm32f10x_usart.o(i.USART_WakeUpConfig), (18 bytes).
    Removing misc.o(i.NVIC_Init), (112 bytes).
    Removing misc.o(i.NVIC_PriorityGroupConfig), (20 bytes).
    Removing misc.o(i.NVIC_SetVectorTable), (20 bytes).
    Removing misc.o(i.NVIC_SystemLPConfig), (32 bytes).
    Removing misc.o(i.SysTick_CLKSourceConfig), (40 bytes).
    Removing stm32f10x_bkp.o(i.BKP_ClearFlag), (20 bytes).
    Removing stm32f10x_bkp.o(i.BKP_ClearITPendingBit), (20 bytes).
    Removing stm32f10x_bkp.o(i.BKP_DeInit), (16 bytes).
    Removing stm32f10x_bkp.o(i.BKP_GetFlagStatus), (12 bytes).
    Removing stm32f10x_bkp.o(i.BKP_GetITStatus), (12 bytes).
    Removing stm32f10x_bkp.o(i.BKP_ITConfig), (12 bytes).
    Removing stm32f10x_bkp.o(i.BKP_RTCOutputConfig), (28 bytes).
    Removing stm32f10x_bkp.o(i.BKP_ReadBackupRegister), (28 bytes).
    Removing stm32f10x_bkp.o(i.BKP_SetRTCCalibrationValue), (28 bytes).
    Removing stm32f10x_bkp.o(i.BKP_TamperPinCmd), (12 bytes).
    Removing stm32f10x_bkp.o(i.BKP_TamperPinLevelConfig), (12 bytes).
    Removing stm32f10x_bkp.o(i.BKP_WriteBackupRegister), (28 bytes).
    Removing visualization.o(.constdata), (800 bytes).
    Removing uart.o(i.read_byte_with_UART1), (28 bytes).
    Removing uart.o(i.read_byte_with_UART3), (28 bytes).
    Removing uart.o(i.read_string_with_UART1), (52 bytes).
    Removing uart.o(i.read_string_with_UART3), (52 bytes).

410 unused section(s) (total 19924 bytes) removed from the image.

==============================================================================

Image Symbol Table

    Local Symbols

    Symbol Name                              Value     Ov Type        Size  Object(Section)

    ../clib/angel/boardlib.s                 0x00000000   Number         0  boardinit3.o ABSOLUTE
    ../clib/angel/boardlib.s                 0x00000000   Number         0  boardinit2.o ABSOLUTE
    ../clib/angel/boardlib.s                 0x00000000   Number         0  boardshut.o ABSOLUTE
    ../clib/angel/boardlib.s                 0x00000000   Number         0  boardinit1.o ABSOLUTE
    ../clib/angel/handlers.s                 0x00000000   Number         0  __scatter_copy.o ABSOLUTE
    ../clib/angel/handlers.s                 0x00000000   Number         0  __scatter_zi.o ABSOLUTE
    ../clib/angel/kernel.s                   0x00000000   Number         0  rtexit.o ABSOLUTE
    ../clib/angel/kernel.s                   0x00000000   Number         0  rtexit2.o ABSOLUTE
    ../clib/angel/kernel.s                   0x00000000   Number         0  __rtentry4.o ABSOLUTE
    ../clib/angel/kernel.s                   0x00000000   Number         0  __rtentry2.o ABSOLUTE
    ../clib/angel/kernel.s                   0x00000000   Number         0  __rtentry.o ABSOLUTE
    ../clib/angel/rt.s                       0x00000000   Number         0  rt_raise.o ABSOLUTE
    ../clib/angel/scatter.s                  0x00000000   Number         0  __scatter.o ABSOLUTE
    ../clib/angel/startup.s                  0x00000000   Number         0  __main.o ABSOLUTE
    ../clib/angel/sys.s                      0x00000000   Number         0  libspace.o ABSOLUTE
    ../clib/angel/sys.s                      0x00000000   Number         0  use_no_semi.o ABSOLUTE
    ../clib/angel/sys.s                      0x00000000   Number         0  indicate_semi.o ABSOLUTE
    ../clib/angel/sys.s                      0x00000000   Number         0  sys_stackheap_outer.o ABSOLUTE
    ../clib/angel/sysapp.c                   0x00000000   Number         0  sys_command.o ABSOLUTE
    ../clib/angel/sysapp.c                   0x00000000   Number         0  sys_wrch.o ABSOLUTE
    ../clib/angel/sysapp.c                   0x00000000   Number         0  sys_exit.o ABSOLUTE
    ../clib/armsys.c                         0x00000000   Number         0  argv_veneer.o ABSOLUTE
    ../clib/armsys.c                         0x00000000   Number         0  argv_veneer.o ABSOLUTE
    ../clib/armsys.c                         0x00000000   Number         0  _get_argv_nomalloc.o ABSOLUTE
    ../clib/armsys.c                         0x00000000   Number         0  no_argv.o ABSOLUTE
    ../clib/heapalloc.c                      0x00000000   Number         0  hrguard.o ABSOLUTE
    ../clib/heapaux.c                        0x00000000   Number         0  heapauxi.o ABSOLUTE
    ../clib/libinit.s                        0x00000000   Number         0  libshutdown.o ABSOLUTE
    ../clib/libinit.s                        0x00000000   Number         0  libinit.o ABSOLUTE
    ../clib/libinit.s                        0x00000000   Number         0  libinit2.o ABSOLUTE
    ../clib/libinit.s                        0x00000000   Number         0  libshutdown2.o ABSOLUTE
    ../clib/memcpset.s                       0x00000000   Number         0  rt_memcpy_v6.o ABSOLUTE
    ../clib/memcpset.s                       0x00000000   Number         0  rt_memclr.o ABSOLUTE
    ../clib/memcpset.s                       0x00000000   Number         0  rt_memclr_w.o ABSOLUTE
    ../clib/memcpset.s                       0x00000000   Number         0  rt_memcpy_w.o ABSOLUTE
    ../clib/signal.c                         0x00000000   Number         0  defsig_fpe_inner.o ABSOLUTE
    ../clib/signal.c                         0x00000000   Number         0  defsig_rtred_inner.o ABSOLUTE
    ../clib/signal.c                         0x00000000   Number         0  defsig_stak_inner.o ABSOLUTE
    ../clib/signal.c                         0x00000000   Number         0  defsig_cppl_inner.o ABSOLUTE
    ../clib/signal.c                         0x00000000   Number         0  defsig_rtmem_outer.o ABSOLUTE
    ../clib/signal.c                         0x00000000   Number         0  defsig_rtmem_formal.o ABSOLUTE
    ../clib/signal.c                         0x00000000   Number         0  defsig_exit.o ABSOLUTE
    ../clib/signal.c                         0x00000000   Number         0  defsig_other.o ABSOLUTE
    ../clib/signal.c                         0x00000000   Number         0  defsig_rtmem_inner.o ABSOLUTE
    ../clib/signal.c                         0x00000000   Number         0  __raise.o ABSOLUTE
    ../clib/signal.c                         0x00000000   Number         0  defsig_general.o ABSOLUTE
    ../clib/signal.c                         0x00000000   Number         0  defsig_pvfn_inner.o ABSOLUTE
    ../clib/signal.c                         0x00000000   Number         0  defsig_segv_inner.o ABSOLUTE
    ../clib/signal.c                         0x00000000   Number         0  defsig_abrt_inner.o ABSOLUTE
    ../clib/signal.s                         0x00000000   Number         0  defsig.o ABSOLUTE
    ../clib/stdlib.c                         0x00000000   Number         0  exit.o ABSOLUTE
    ../clib/string.c                         0x00000000   Number         0  strcat.o ABSOLUTE
    ../clib/string.c                         0x00000000   Number         0  strcpy.o ABSOLUTE
    ../fplib/faddsub.s                       0x00000000   Number         0  faddsub_clz.o ABSOLUTE
    ../fplib/fdiv.s                          0x00000000   Number         0  fdiv.o ABSOLUTE
    ../fplib/ffixu.s                         0x00000000   Number         0  ffixu.o ABSOLUTE
    ../fplib/fflt.s                          0x00000000   Number         0  fflt_clz.o ABSOLUTE
    ../fplib/fmul.s                          0x00000000   Number         0  fmul.o ABSOLUTE
    ../fplib/fnaninf.s                       0x00000000   Number         0  fnaninf.o ABSOLUTE
    ../fplib/fpinit.s                        0x00000000   Number         0  fpinit.o ABSOLUTE
    ../fplib/fretinf.s                       0x00000000   Number         0  fretinf.o ABSOLUTE
    ../fplib/usenofp.s                       0x00000000   Number         0  usenofp.o ABSOLUTE
    CMSIS\CM3\CoreSupport\core_cm3.c         0x00000000   Number         0  core_cm3.o ABSOLUTE
    CMSIS\CM3\DeviceSupport\ST\STM32F10x\startup\arm\startup_stm32f10x_md.s 0x00000000   Number         0  startup_stm32f10x_md.o ABSOLUTE
    CMSIS\CM3\DeviceSupport\ST\STM32F10x\system_stm32f10x.c 0x00000000   Number         0  system_stm32f10x.o ABSOLUTE
    CMSIS\\CM3\\CoreSupport\\core_cm3.c      0x00000000   Number         0  core_cm3.o ABSOLUTE
    CPU-Init\cpu_init.c                      0x00000000   Number         0  cpu_init.o ABSOLUTE
    FreeRTOS\\port.c                         0x00000000   Number         0  port.o ABSOLUTE
    FreeRTOS\croutine.c                      0x00000000   Number         0  croutine.o ABSOLUTE
    FreeRTOS\event_groups.c                  0x00000000   Number         0  event_groups.o ABSOLUTE
    FreeRTOS\heap_1.c                        0x00000000   Number         0  heap_1.o ABSOLUTE
    FreeRTOS\list.c                          0x00000000   Number         0  list.o ABSOLUTE
    FreeRTOS\port.c                          0x00000000   Number         0  port.o ABSOLUTE
    FreeRTOS\queue.c                         0x00000000   Number         0  queue.o ABSOLUTE
    FreeRTOS\tasks.c                         0x00000000   Number         0  tasks.o ABSOLUTE
    FreeRTOS\timers.c                        0x00000000   Number         0  timers.o ABSOLUTE
    Functions\functions.c                    0x00000000   Number         0  functions.o ABSOLUTE
    GPS_SIM28ML\gps_sim28ml.c                0x00000000   Number         0  gps_sim28ml.o ABSOLUTE
    GSM_SIM800L\gsm_sim800l.c                0x00000000   Number         0  gsm_sim800l.o ABSOLUTE
    LCD5110 (Driver AVR to STM)\n3310.c      0x00000000   Number         0  n3310.o ABSOLUTE
    Main\main.c                              0x00000000   Number         0  main.o ABSOLUTE
    STM32F10x_StdPeriph_Driver\src\misc.c    0x00000000   Number         0  misc.o ABSOLUTE
    STM32F10x_StdPeriph_Driver\src\stm32f10x_adc.c 0x00000000   Number         0  stm32f10x_adc.o ABSOLUTE
    STM32F10x_StdPeriph_Driver\src\stm32f10x_bkp.c 0x00000000   Number         0  stm32f10x_bkp.o ABSOLUTE
    STM32F10x_StdPeriph_Driver\src\stm32f10x_dma.c 0x00000000   Number         0  stm32f10x_dma.o ABSOLUTE
    STM32F10x_StdPeriph_Driver\src\stm32f10x_flash.c 0x00000000   Number         0  stm32f10x_flash.o ABSOLUTE
    STM32F10x_StdPeriph_Driver\src\stm32f10x_gpio.c 0x00000000   Number         0  stm32f10x_gpio.o ABSOLUTE
    STM32F10x_StdPeriph_Driver\src\stm32f10x_rcc.c 0x00000000   Number         0  stm32f10x_rcc.o ABSOLUTE
    STM32F10x_StdPeriph_Driver\src\stm32f10x_rtc.c 0x00000000   Number         0  stm32f10x_rtc.o ABSOLUTE
    STM32F10x_StdPeriph_Driver\src\stm32f10x_sdio.c 0x00000000   Number         0  stm32f10x_sdio.o ABSOLUTE
    STM32F10x_StdPeriph_Driver\src\stm32f10x_spi.c 0x00000000   Number         0  stm32f10x_spi.o ABSOLUTE
    STM32F10x_StdPeriph_Driver\src\stm32f10x_tim.c 0x00000000   Number         0  stm32f10x_tim.o ABSOLUTE
    STM32F10x_StdPeriph_Driver\src\stm32f10x_usart.c 0x00000000   Number         0  stm32f10x_usart.o ABSOLUTE
    Tasks\tasks.c                            0x00000000   Number         0  tasks_1.o ABSOLUTE
    UART\uart.c                              0x00000000   Number         0  uart.o ABSOLUTE
    Visualization\visualization.c            0x00000000   Number         0  visualization.o ABSOLUTE
    Wi-Fi_ESP8266\wi-fi_esp8266.c            0x00000000   Number         0  wi-fi_esp8266.o ABSOLUTE
    dc.s                                     0x00000000   Number         0  dc.o ABSOLUTE
    RESET                                    0x08000000   Section      236  startup_stm32f10x_md.o(RESET)
    !!!main                                  0x080000ec   Section        8  __main.o(!!!main)
    !!!scatter                               0x080000f4   Section       52  __scatter.o(!!!scatter)
    !!handler_copy                           0x08000128   Section       26  __scatter_copy.o(!!handler_copy)
    !!handler_zi                             0x08000144   Section       28  __scatter_zi.o(!!handler_zi)
    .ARM.Collect$$libinit$$00000000          0x08000160   Section        2  libinit.o(.ARM.Collect$$libinit$$00000000)
    .ARM.Collect$$libinit$$00000002          0x08000162   Section        0  libinit2.o(.ARM.Collect$$libinit$$00000002)
    .ARM.Collect$$libinit$$00000004          0x08000162   Section        0  libinit2.o(.ARM.Collect$$libinit$$00000004)
    .ARM.Collect$$libinit$$0000000A          0x08000162   Section        0  libinit2.o(.ARM.Collect$$libinit$$0000000A)
    .ARM.Collect$$libinit$$0000000C          0x08000162   Section        0  libinit2.o(.ARM.Collect$$libinit$$0000000C)
    .ARM.Collect$$libinit$$0000000E          0x08000162   Section        0  libinit2.o(.ARM.Collect$$libinit$$0000000E)
    .ARM.Collect$$libinit$$00000011          0x08000162   Section        0  libinit2.o(.ARM.Collect$$libinit$$00000011)
    .ARM.Collect$$libinit$$00000013          0x08000162   Section        0  libinit2.o(.ARM.Collect$$libinit$$00000013)
    .ARM.Collect$$libinit$$00000015          0x08000162   Section        0  libinit2.o(.ARM.Collect$$libinit$$00000015)
    .ARM.Collect$$libinit$$00000017          0x08000162   Section        0  libinit2.o(.ARM.Collect$$libinit$$00000017)
    .ARM.Collect$$libinit$$00000019          0x08000162   Section        0  libinit2.o(.ARM.Collect$$libinit$$00000019)
    .ARM.Collect$$libinit$$0000001B          0x08000162   Section        0  libinit2.o(.ARM.Collect$$libinit$$0000001B)
    .ARM.Collect$$libinit$$0000001D          0x08000162   Section        0  libinit2.o(.ARM.Collect$$libinit$$0000001D)
    .ARM.Collect$$libinit$$0000001F          0x08000162   Section        0  libinit2.o(.ARM.Collect$$libinit$$0000001F)
    .ARM.Collect$$libinit$$00000021          0x08000162   Section        0  libinit2.o(.ARM.Collect$$libinit$$00000021)
    .ARM.Collect$$libinit$$00000023          0x08000162   Section        0  libinit2.o(.ARM.Collect$$libinit$$00000023)
    .ARM.Collect$$libinit$$00000025          0x08000162   Section        0  libinit2.o(.ARM.Collect$$libinit$$00000025)
    .ARM.Collect$$libinit$$0000002C          0x08000162   Section        0  libinit2.o(.ARM.Collect$$libinit$$0000002C)
    .ARM.Collect$$libinit$$0000002E          0x08000162   Section        0  libinit2.o(.ARM.Collect$$libinit$$0000002E)
    .ARM.Collect$$libinit$$00000030          0x08000162   Section        0  libinit2.o(.ARM.Collect$$libinit$$00000030)
    .ARM.Collect$$libinit$$00000032          0x08000162   Section        0  libinit2.o(.ARM.Collect$$libinit$$00000032)
    .ARM.Collect$$libinit$$00000033          0x08000162   Section        2  libinit2.o(.ARM.Collect$$libinit$$00000033)
    .ARM.Collect$$libshutdown$$00000000      0x08000164   Section        2  libshutdown.o(.ARM.Collect$$libshutdown$$00000000)
    .ARM.Collect$$libshutdown$$00000002      0x08000166   Section        0  libshutdown2.o(.ARM.Collect$$libshutdown$$00000002)
    .ARM.Collect$$libshutdown$$00000004      0x08000166   Section        0  libshutdown2.o(.ARM.Collect$$libshutdown$$00000004)
    .ARM.Collect$$libshutdown$$00000007      0x08000166   Section        0  libshutdown2.o(.ARM.Collect$$libshutdown$$00000007)
    .ARM.Collect$$libshutdown$$0000000A      0x08000166   Section        0  libshutdown2.o(.ARM.Collect$$libshutdown$$0000000A)
    .ARM.Collect$$libshutdown$$0000000C      0x08000166   Section        0  libshutdown2.o(.ARM.Collect$$libshutdown$$0000000C)
    .ARM.Collect$$libshutdown$$0000000F      0x08000166   Section        0  libshutdown2.o(.ARM.Collect$$libshutdown$$0000000F)
    .ARM.Collect$$libshutdown$$00000010      0x08000166   Section        2  libshutdown2.o(.ARM.Collect$$libshutdown$$00000010)
    .ARM.Collect$$rtentry$$00000000          0x08000168   Section        0  __rtentry.o(.ARM.Collect$$rtentry$$00000000)
    .ARM.Collect$$rtentry$$00000002          0x08000168   Section        0  __rtentry2.o(.ARM.Collect$$rtentry$$00000002)
    .ARM.Collect$$rtentry$$00000004          0x08000168   Section        6  __rtentry4.o(.ARM.Collect$$rtentry$$00000004)
    .ARM.Collect$$rtentry$$00000009          0x0800016e   Section        0  __rtentry2.o(.ARM.Collect$$rtentry$$00000009)
    .ARM.Collect$$rtentry$$0000000A          0x0800016e   Section        4  __rtentry2.o(.ARM.Collect$$rtentry$$0000000A)
    .ARM.Collect$$rtentry$$0000000C          0x08000172   Section        0  __rtentry2.o(.ARM.Collect$$rtentry$$0000000C)
    .ARM.Collect$$rtentry$$0000000D          0x08000172   Section        8  __rtentry2.o(.ARM.Collect$$rtentry$$0000000D)
    .ARM.Collect$$rtexit$$00000000           0x0800017a   Section        2  rtexit.o(.ARM.Collect$$rtexit$$00000000)
    .ARM.Collect$$rtexit$$00000002           0x0800017c   Section        0  rtexit2.o(.ARM.Collect$$rtexit$$00000002)
    .ARM.Collect$$rtexit$$00000003           0x0800017c   Section        4  rtexit2.o(.ARM.Collect$$rtexit$$00000003)
    .ARM.Collect$$rtexit$$00000004           0x08000180   Section        6  rtexit2.o(.ARM.Collect$$rtexit$$00000004)
    .emb_text                                0x08000188   Section      158  port.o(.emb_text)
    .text                                    0x08000228   Section       64  startup_stm32f10x_md.o(.text)
    .text                                    0x08000268   Section        0  strcpy.o(.text)
    .text                                    0x080002b0   Section        0  strcat.o(.text)
    .text                                    0x080002c8   Section       68  rt_memclr.o(.text)
    .text                                    0x0800030c   Section        0  heapauxi.o(.text)
    .text                                    0x08000312   Section       78  rt_memclr_w.o(.text)
    .text                                    0x08000360   Section       74  sys_stackheap_outer.o(.text)
    .text                                    0x080003aa   Section        0  exit.o(.text)
    .text                                    0x080003bc   Section        8  libspace.o(.text)
    .text                                    0x080003c4   Section        0  sys_exit.o(.text)
    .text                                    0x080003d0   Section        2  use_no_semi.o(.text)
    .text                                    0x080003d2   Section        0  indicate_semi.o(.text)
    i.Cursors_Up_Down                        0x080003d4   Section        0  visualization.o(i.Cursors_Up_Down)
    i.DMA1_GPS_config                        0x080004cc   Section        0  cpu_init.o(i.DMA1_GPS_config)
    i.DMA_Cmd                                0x08000518   Section        0  stm32f10x_dma.o(i.DMA_Cmd)
    i.DMA_Init                               0x08000530   Section        0  stm32f10x_dma.o(i.DMA_Init)
    i.DMA_StructInit                         0x0800056c   Section        0  stm32f10x_dma.o(i.DMA_StructInit)
    i.Delay                                  0x08000588   Section        0  n3310.o(i.Delay)
    Delay                                    0x08000589   Thumb Code    14  n3310.o(i.Delay)
    i.GPIO_Init                              0x0800059c   Section        0  stm32f10x_gpio.o(i.GPIO_Init)
    i.GPIO_ReadInputDataBit                  0x080006b2   Section        0  stm32f10x_gpio.o(i.GPIO_ReadInputDataBit)
    i.GPS_SIM28ML_config                     0x080006c4   Section        0  gps_sim28ml.o(i.GPS_SIM28ML_config)
    i.GPSbufferCopyDMAbuffer                 0x08000704   Section        0  functions.o(i.GPSbufferCopyDMAbuffer)
    i.KeysScan                               0x08000744   Section        0  functions.o(i.KeysScan)
    i.LCD_Call_Answer                        0x080007ac   Section        0  visualization.o(i.LCD_Call_Answer)
    i.LCD_Call_Window                        0x08000808   Section        0  visualization.o(i.LCD_Call_Window)
    i.LCD_GPS_Data                           0x0800087c   Section        0  visualization.o(i.LCD_GPS_Data)
    i.LCD_Number_Generator                   0x080008ac   Section        0  visualization.o(i.LCD_Number_Generator)
    i.LcdChr                                 0x080008bc   Section        0  n3310.o(i.LcdChr)
    i.LcdClear                               0x08000a80   Section        0  n3310.o(i.LcdClear)
    i.LcdFStr                                0x08000ab4   Section        0  n3310.o(i.LcdFStr)
    i.LcdGotoXYFont                          0x08000adc   Section        0  n3310.o(i.LcdGotoXYFont)
    i.LcdInit                                0x08000b08   Section        0  n3310.o(i.LcdInit)
    i.LcdSend                                0x08000bb4   Section        0  n3310.o(i.LcdSend)
    LcdSend                                  0x08000bb5   Thumb Code   124  n3310.o(i.LcdSend)
    i.LcdUpdate                              0x08000c34   Section        0  n3310.o(i.LcdUpdate)
    i.Number_Editor                          0x08000cec   Section        0  visualization.o(i.Number_Editor)
    i.Number_Generator_Call                  0x08000ef8   Section        0  visualization.o(i.Number_Generator_Call)
    i.RCC_AHBPeriphClockCmd                  0x08000f38   Section        0  stm32f10x_rcc.o(i.RCC_AHBPeriphClockCmd)
    i.RCC_APB1PeriphClockCmd                 0x08000f58   Section        0  stm32f10x_rcc.o(i.RCC_APB1PeriphClockCmd)
    i.RCC_APB2PeriphClockCmd                 0x08000f78   Section        0  stm32f10x_rcc.o(i.RCC_APB2PeriphClockCmd)
    i.RCC_GetClocksFreq                      0x08000f98   Section        0  stm32f10x_rcc.o(i.RCC_GetClocksFreq)
    i.SIM800L_config                         0x0800106c   Section        0  gsm_sim800l.o(i.SIM800L_config)
    i.SetSysClock                            0x0800108c   Section        0  system_stm32f10x.o(i.SetSysClock)
    SetSysClock                              0x0800108d   Thumb Code     8  system_stm32f10x.o(i.SetSysClock)
    i.SetSysClockTo72                        0x08001094   Section        0  system_stm32f10x.o(i.SetSysClockTo72)
    SetSysClockTo72                          0x08001095   Thumb Code   214  system_stm32f10x.o(i.SetSysClockTo72)
    i.SysTick_Handler                        0x08001174   Section        0  port.o(i.SysTick_Handler)
    i.SystemInit                             0x08001194   Section        0  system_stm32f10x.o(i.SystemInit)
    i.System_config                          0x080011f4   Section        0  cpu_init.o(i.System_config)
    i.USART1_GPS_config                      0x080012e0   Section        0  cpu_init.o(i.USART1_GPS_config)
    i.USART3_GSM_config                      0x08001320   Section        0  cpu_init.o(i.USART3_GSM_config)
    i.USART_Cmd                              0x08001358   Section        0  stm32f10x_usart.o(i.USART_Cmd)
    i.USART_DMACmd                           0x08001370   Section        0  stm32f10x_usart.o(i.USART_DMACmd)
    i.USART_Init                             0x08001384   Section        0  stm32f10x_usart.o(i.USART_Init)
    i.main                                   0x0800145c   Section        0  main.o(i.main)
    i.prvAddCurrentTaskToDelayedList         0x0800154c   Section        0  tasks.o(i.prvAddCurrentTaskToDelayedList)
    prvAddCurrentTaskToDelayedList           0x0800154d   Thumb Code    62  tasks.o(i.prvAddCurrentTaskToDelayedList)
    i.prvAllocateTCBAndStack                 0x080015a0   Section        0  tasks.o(i.prvAllocateTCBAndStack)
    prvAllocateTCBAndStack                   0x080015a1   Thumb Code    46  tasks.o(i.prvAllocateTCBAndStack)
    i.prvCheckTasksWaitingTermination        0x080015d0   Section        0  tasks.o(i.prvCheckTasksWaitingTermination)
    prvCheckTasksWaitingTermination          0x080015d1   Thumb Code    86  tasks.o(i.prvCheckTasksWaitingTermination)
    i.prvDeleteTCB                           0x08001634   Section        0  tasks.o(i.prvDeleteTCB)
    prvDeleteTCB                             0x08001635   Thumb Code    18  tasks.o(i.prvDeleteTCB)
    i.prvIdleTask                            0x08001648   Section        0  tasks.o(i.prvIdleTask)
    prvIdleTask                              0x08001649   Thumb Code    20  tasks.o(i.prvIdleTask)
    i.prvInitialiseTCBVariables              0x08001660   Section        0  tasks.o(i.prvInitialiseTCBVariables)
    prvInitialiseTCBVariables                0x08001661   Thumb Code    86  tasks.o(i.prvInitialiseTCBVariables)
    i.prvInitialiseTaskLists                 0x080016b8   Section        0  tasks.o(i.prvInitialiseTaskLists)
    prvInitialiseTaskLists                   0x080016b9   Thumb Code    70  tasks.o(i.prvInitialiseTaskLists)
    i.prvResetNextTaskUnblockTime            0x08001720   Section        0  tasks.o(i.prvResetNextTaskUnblockTime)
    prvResetNextTaskUnblockTime              0x08001721   Thumb Code    42  tasks.o(i.prvResetNextTaskUnblockTime)
    i.prvTaskExitError                       0x08001754   Section        0  port.o(i.prvTaskExitError)
    prvTaskExitError                         0x08001755   Thumb Code     8  port.o(i.prvTaskExitError)
    i.pvPortMalloc                           0x0800175c   Section        0  heap_1.o(i.pvPortMalloc)
    i.pxPortInitialiseStack                  0x080017cc   Section        0  port.o(i.pxPortInitialiseStack)
    i.refreshGPSbuffer                       0x080017ec   Section        0  functions.o(i.refreshGPSbuffer)
    i.send_byte_to_UART1                     0x08001804   Section        0  uart.o(i.send_byte_to_UART1)
    i.send_byte_to_UART3                     0x08001820   Section        0  uart.o(i.send_byte_to_UART3)
    i.send_str_to_UART1                      0x0800183c   Section        0  uart.o(i.send_str_to_UART1)
    i.send_str_to_UART3                      0x08001862   Section        0  uart.o(i.send_str_to_UART3)
    i.uxListRemove                           0x08001888   Section        0  list.o(i.uxListRemove)
    i.vListInitialise                        0x080018b0   Section        0  list.o(i.vListInitialise)
    i.vListInitialiseItem                    0x080018ca   Section        0  list.o(i.vListInitialiseItem)
    i.vListInsert                            0x080018d0   Section        0  list.o(i.vListInsert)
    i.vListInsertEnd                         0x08001904   Section        0  list.o(i.vListInsertEnd)
    i.vPortEnterCritical                     0x0800191c   Section        0  port.o(i.vPortEnterCritical)
    i.vPortExitCritical                      0x0800193c   Section        0  port.o(i.vPortExitCritical)
    i.vPortFree                              0x0800195c   Section        0  heap_1.o(i.vPortFree)
    i.vPortSetupTimerInterrupt               0x08001960   Section        0  port.o(i.vPortSetupTimerInterrupt)
    i.vPortYield                             0x08001974   Section        0  port.o(i.vPortYield)
    i.vTaskDelay                             0x0800198c   Section        0  tasks.o(i.vTaskDelay)
    i.vTaskDelete                            0x080019c4   Section        0  tasks.o(i.vTaskDelete)
    i.vTaskStartScheduler                    0x08001a40   Section        0  tasks.o(i.vTaskStartScheduler)
    i.vTaskSuspendAll                        0x08001a90   Section        0  tasks.o(i.vTaskSuspendAll)
    i.vTaskSwitchContext                     0x08001aa0   Section        0  tasks.o(i.vTaskSwitchContext)
    i.vTask_OperativeComputing               0x08001b20   Section        0  tasks_1.o(i.vTask_OperativeComputing)
    i.vTask_ScanInputDevices                 0x08001b2e   Section        0  tasks_1.o(i.vTask_ScanInputDevices)
    i.vTask_SystemInit                       0x08001b3c   Section        0  tasks_1.o(i.vTask_SystemInit)
    i.vTask_Visualization                    0x08001b6c   Section        0  tasks_1.o(i.vTask_Visualization)
    i.xPortStartScheduler                    0x08001bcc   Section        0  port.o(i.xPortStartScheduler)
    i.xTaskGenericCreate                     0x08001c00   Section        0  tasks.o(i.xTaskGenericCreate)
    i.xTaskIncrementTick                     0x08001cf8   Section        0  tasks.o(i.xTaskIncrementTick)
    i.xTaskResumeAll                         0x08001e00   Section        0  tasks.o(i.xTaskResumeAll)
    .constdata                               0x08001ed8   Section      800  n3310.o(.constdata)
    FontLookup                               0x08001ed8   Data         800  n3310.o(.constdata)
    .data                                    0x20000000   Section        8  heap_1.o(.data)
    xNextFreeByte                            0x20000000   Data           4  heap_1.o(.data)
    pucAlignedHeap                           0x20000004   Data           4  heap_1.o(.data)
    .data                                    0x20000008   Section        4  port.o(.data)
    uxCriticalNesting                        0x20000008   Data           4  port.o(.data)
    .data                                    0x2000000c   Section       60  tasks.o(.data)
    pxDelayedTaskList                        0x20000010   Data           4  tasks.o(.data)
    pxOverflowDelayedTaskList                0x20000014   Data           4  tasks.o(.data)
    uxTasksDeleted                           0x20000018   Data           4  tasks.o(.data)
    xIdleTaskHandle                          0x2000001c   Data           4  tasks.o(.data)
    uxCurrentNumberOfTasks                   0x20000020   Data           4  tasks.o(.data)
    xTickCount                               0x20000024   Data           4  tasks.o(.data)
    uxTopReadyPriority                       0x20000028   Data           4  tasks.o(.data)
    xSchedulerRunning                        0x2000002c   Data           4  tasks.o(.data)
    uxPendedTicks                            0x20000030   Data           4  tasks.o(.data)
    xYieldPending                            0x20000034   Data           4  tasks.o(.data)
    xNumOfOverflows                          0x20000038   Data           4  tasks.o(.data)
    uxTaskNumber                             0x2000003c   Data           4  tasks.o(.data)
    xNextTaskUnblockTime                     0x20000040   Data           4  tasks.o(.data)
    uxSchedulerSuspended                     0x20000044   Data           4  tasks.o(.data)
    .data                                    0x20000048   Section       33  n3310.o(.data)
    TimingDelay                              0x20000048   Data           4  n3310.o(.data)
    LoWaterMark                              0x2000004c   Data           4  n3310.o(.data)
    HiWaterMark                              0x20000050   Data           4  n3310.o(.data)
    LcdCacheIdx                              0x20000054   Data           4  n3310.o(.data)
    UpdateLcd                                0x20000058   Data           1  n3310.o(.data)
    .data                                    0x20000069   Section        1  tasks_1.o(.data)
    .data                                    0x2000006a   Section       20  stm32f10x_rcc.o(.data)
    APBAHBPrescTable                         0x2000006a   Data          16  stm32f10x_rcc.o(.data)
    ADCPrescTable                            0x2000007a   Data           4  stm32f10x_rcc.o(.data)
    .data                                    0x2000007e   Section       67  visualization.o(.data)
    .data                                    0x200000c1   Section        1  functions.o(.data)
    .bss                                     0x200000c4   Section    17408  heap_1.o(.bss)
    ucHeap                                   0x200000c4   Data       17408  heap_1.o(.bss)
    .bss                                     0x200044c4   Section      200  tasks.o(.bss)
    pxReadyTasksLists                        0x200044c4   Data         100  tasks.o(.bss)
    xDelayedTaskList1                        0x20004528   Data          20  tasks.o(.bss)
    xDelayedTaskList2                        0x2000453c   Data          20  tasks.o(.bss)
    xPendingReadyList                        0x20004550   Data          20  tasks.o(.bss)
    xTasksWaitingTermination                 0x20004564   Data          20  tasks.o(.bss)
    xSuspendedTaskList                       0x20004578   Data          20  tasks.o(.bss)
    .bss                                     0x2000458c   Section      504  n3310.o(.bss)
    LcdCache                                 0x2000458c   Data         504  n3310.o(.bss)
    .bss                                     0x20004784   Section      480  cpu_init.o(.bss)
    .bss                                     0x20004964   Section       96  libspace.o(.bss)
    HEAP                                     0x200049c8   Section      512  startup_stm32f10x_md.o(HEAP)
    Heap_Mem                                 0x200049c8   Data         512  startup_stm32f10x_md.o(HEAP)
    STACK                                    0x20004bc8   Section     1024  startup_stm32f10x_md.o(STACK)
    Stack_Mem                                0x20004bc8   Data        1024  startup_stm32f10x_md.o(STACK)
    __initial_sp                             0x20004fc8   Data           0  startup_stm32f10x_md.o(STACK)

    Global Symbols

    Symbol Name                              Value     Ov Type        Size  Object(Section)

    BuildAttributes$$THM_ISAv4$P$D$K$B$S$PE$A:L22UL41UL21$X:L11$S22US41US21$IEEE1$IW$USESV6$~STKCKD$USESV7$~SHL$OSPACE$ROPI$EBA8$UX$STANDARDLIB$REQ8$PRES8$EABIv2 0x00000000   Number         0  anon$$obj.o ABSOLUTE
    __ARM_use_no_argv                        0x00000000   Number         0  main.o ABSOLUTE
    __ARM_exceptions_init                     - Undefined Weak Reference
    __alloca_initialize                       - Undefined Weak Reference
    __arm_preinit_                            - Undefined Weak Reference
    __cpp_initialize__aeabi_                  - Undefined Weak Reference
    __cxa_finalize                            - Undefined Weak Reference
    __rt_locale                               - Undefined Weak Reference
    __sigvec_lookup                           - Undefined Weak Reference
    _atexit_init                              - Undefined Weak Reference
    _call_atexit_fns                          - Undefined Weak Reference
    _clock_init                               - Undefined Weak Reference
    _fp_trap_init                             - Undefined Weak Reference
    _fp_trap_shutdown                         - Undefined Weak Reference
    _get_lc_collate                           - Undefined Weak Reference
    _get_lc_ctype                             - Undefined Weak Reference
    _get_lc_monetary                          - Undefined Weak Reference
    _get_lc_numeric                           - Undefined Weak Reference
    _get_lc_time                              - Undefined Weak Reference
    _getenv_init                              - Undefined Weak Reference
    _handle_redirection                       - Undefined Weak Reference
    _init_alloc                               - Undefined Weak Reference
    _init_user_alloc                          - Undefined Weak Reference
    _initio                                   - Undefined Weak Reference
    _rand_init                                - Undefined Weak Reference
    _signal_finish                            - Undefined Weak Reference
    _signal_init                              - Undefined Weak Reference
    _terminate_alloc                          - Undefined Weak Reference
    _terminate_user_alloc                     - Undefined Weak Reference
    _terminateio                              - Undefined Weak Reference
    __Vectors_Size                           0x000000ec   Number         0  startup_stm32f10x_md.o ABSOLUTE
    __Vectors                                0x08000000   Data           4  startup_stm32f10x_md.o(RESET)
    __Vectors_End                            0x080000ec   Data           0  startup_stm32f10x_md.o(RESET)
    __main                                   0x080000ed   Thumb Code     8  __main.o(!!!main)
    __scatterload                            0x080000f5   Thumb Code     0  __scatter.o(!!!scatter)
    __scatterload_rt2                        0x080000f5   Thumb Code    44  __scatter.o(!!!scatter)
    __scatterload_rt2_thumb_only             0x080000f5   Thumb Code     0  __scatter.o(!!!scatter)
    __scatterload_null                       0x08000103   Thumb Code     0  __scatter.o(!!!scatter)
    __scatterload_copy                       0x08000129   Thumb Code    26  __scatter_copy.o(!!handler_copy)
    __scatterload_zeroinit                   0x08000145   Thumb Code    28  __scatter_zi.o(!!handler_zi)
    __rt_lib_init                            0x08000161   Thumb Code     0  libinit.o(.ARM.Collect$$libinit$$00000000)
    __rt_lib_init_alloca_1                   0x08000163   Thumb Code     0  libinit2.o(.ARM.Collect$$libinit$$0000002E)
    __rt_lib_init_argv_1                     0x08000163   Thumb Code     0  libinit2.o(.ARM.Collect$$libinit$$0000002C)
    __rt_lib_init_atexit_1                   0x08000163   Thumb Code     0  libinit2.o(.ARM.Collect$$libinit$$0000001B)
    __rt_lib_init_clock_1                    0x08000163   Thumb Code     0  libinit2.o(.ARM.Collect$$libinit$$00000021)
    __rt_lib_init_cpp_1                      0x08000163   Thumb Code     0  libinit2.o(.ARM.Collect$$libinit$$00000032)
    __rt_lib_init_exceptions_1               0x08000163   Thumb Code     0  libinit2.o(.ARM.Collect$$libinit$$00000030)
    __rt_lib_init_fp_1                       0x08000163   Thumb Code     0  libinit2.o(.ARM.Collect$$libinit$$00000002)
    __rt_lib_init_fp_trap_1                  0x08000163   Thumb Code     0  libinit2.o(.ARM.Collect$$libinit$$0000001F)
    __rt_lib_init_getenv_1                   0x08000163   Thumb Code     0  libinit2.o(.ARM.Collect$$libinit$$00000023)
    __rt_lib_init_heap_1                     0x08000163   Thumb Code     0  libinit2.o(.ARM.Collect$$libinit$$0000000A)
    __rt_lib_init_lc_collate_1               0x08000163   Thumb Code     0  libinit2.o(.ARM.Collect$$libinit$$00000011)
    __rt_lib_init_lc_ctype_1                 0x08000163   Thumb Code     0  libinit2.o(.ARM.Collect$$libinit$$00000013)
    __rt_lib_init_lc_monetary_1              0x08000163   Thumb Code     0  libinit2.o(.ARM.Collect$$libinit$$00000015)
    __rt_lib_init_lc_numeric_1               0x08000163   Thumb Code     0  libinit2.o(.ARM.Collect$$libinit$$00000017)
    __rt_lib_init_lc_time_1                  0x08000163   Thumb Code     0  libinit2.o(.ARM.Collect$$libinit$$00000019)
    __rt_lib_init_preinit_1                  0x08000163   Thumb Code     0  libinit2.o(.ARM.Collect$$libinit$$00000004)
    __rt_lib_init_rand_1                     0x08000163   Thumb Code     0  libinit2.o(.ARM.Collect$$libinit$$0000000E)
    __rt_lib_init_return                     0x08000163   Thumb Code     0  libinit2.o(.ARM.Collect$$libinit$$00000033)
    __rt_lib_init_signal_1                   0x08000163   Thumb Code     0  libinit2.o(.ARM.Collect$$libinit$$0000001D)
    __rt_lib_init_stdio_1                    0x08000163   Thumb Code     0  libinit2.o(.ARM.Collect$$libinit$$00000025)
    __rt_lib_init_user_alloc_1               0x08000163   Thumb Code     0  libinit2.o(.ARM.Collect$$libinit$$0000000C)
    __rt_lib_shutdown                        0x08000165   Thumb Code     0  libshutdown.o(.ARM.Collect$$libshutdown$$00000000)
    __rt_lib_shutdown_cpp_1                  0x08000167   Thumb Code     0  libshutdown2.o(.ARM.Collect$$libshutdown$$00000002)
    __rt_lib_shutdown_fp_trap_1              0x08000167   Thumb Code     0  libshutdown2.o(.ARM.Collect$$libshutdown$$00000007)
    __rt_lib_shutdown_heap_1                 0x08000167   Thumb Code     0  libshutdown2.o(.ARM.Collect$$libshutdown$$0000000F)
    __rt_lib_shutdown_return                 0x08000167   Thumb Code     0  libshutdown2.o(.ARM.Collect$$libshutdown$$00000010)
    __rt_lib_shutdown_signal_1               0x08000167   Thumb Code     0  libshutdown2.o(.ARM.Collect$$libshutdown$$0000000A)
    __rt_lib_shutdown_stdio_1                0x08000167   Thumb Code     0  libshutdown2.o(.ARM.Collect$$libshutdown$$00000004)
    __rt_lib_shutdown_user_alloc_1           0x08000167   Thumb Code     0  libshutdown2.o(.ARM.Collect$$libshutdown$$0000000C)
    __rt_entry                               0x08000169   Thumb Code     0  __rtentry.o(.ARM.Collect$$rtentry$$00000000)
    __rt_entry_presh_1                       0x08000169   Thumb Code     0  __rtentry2.o(.ARM.Collect$$rtentry$$00000002)
    __rt_entry_sh                            0x08000169   Thumb Code     0  __rtentry4.o(.ARM.Collect$$rtentry$$00000004)
    __rt_entry_li                            0x0800016f   Thumb Code     0  __rtentry2.o(.ARM.Collect$$rtentry$$0000000A)
    __rt_entry_postsh_1                      0x0800016f   Thumb Code     0  __rtentry2.o(.ARM.Collect$$rtentry$$00000009)
    __rt_entry_main                          0x08000173   Thumb Code     0  __rtentry2.o(.ARM.Collect$$rtentry$$0000000D)
    __rt_entry_postli_1                      0x08000173   Thumb Code     0  __rtentry2.o(.ARM.Collect$$rtentry$$0000000C)
    __rt_exit                                0x0800017b   Thumb Code     0  rtexit.o(.ARM.Collect$$rtexit$$00000000)
    __rt_exit_ls                             0x0800017d   Thumb Code     0  rtexit2.o(.ARM.Collect$$rtexit$$00000003)
    __rt_exit_prels_1                        0x0800017d   Thumb Code     0  rtexit2.o(.ARM.Collect$$rtexit$$00000002)
    __rt_exit_exit                           0x08000181   Thumb Code     0  rtexit2.o(.ARM.Collect$$rtexit$$00000004)
    SVC_Handler                              0x08000189   Thumb Code    32  port.o(.emb_text)
    __asm___6_port_c_39a90d8d__prvStartFirstTask 0x080001ad   Thumb Code    24  port.o(.emb_text)
    PendSV_Handler                           0x080001c9   Thumb Code    64  port.o(.emb_text)
    ulPortSetInterruptMask                   0x0800020d   Thumb Code    14  port.o(.emb_text)
    vPortClearInterruptMask                  0x0800021b   Thumb Code     6  port.o(.emb_text)
    vPortGetIPSR                             0x08000221   Thumb Code     6  port.o(.emb_text)
    Reset_Handler                            0x08000229   Thumb Code     8  startup_stm32f10x_md.o(.text)
    NMI_Handler                              0x08000231   Thumb Code     2  startup_stm32f10x_md.o(.text)
    HardFault_Handler                        0x08000233   Thumb Code     2  startup_stm32f10x_md.o(.text)
    MemManage_Handler                        0x08000235   Thumb Code     2  startup_stm32f10x_md.o(.text)
    BusFault_Handler                         0x08000237   Thumb Code     2  startup_stm32f10x_md.o(.text)
    UsageFault_Handler                       0x08000239   Thumb Code     2  startup_stm32f10x_md.o(.text)
    DebugMon_Handler                         0x0800023d   Thumb Code     2  startup_stm32f10x_md.o(.text)
    ADC1_2_IRQHandler                        0x08000243   Thumb Code     0  startup_stm32f10x_md.o(.text)
    CAN1_RX1_IRQHandler                      0x08000243   Thumb Code     0  startup_stm32f10x_md.o(.text)
    CAN1_SCE_IRQHandler                      0x08000243   Thumb Code     0  startup_stm32f10x_md.o(.text)
    DMA1_Channel1_IRQHandler                 0x08000243   Thumb Code     0  startup_stm32f10x_md.o(.text)
    DMA1_Channel2_IRQHandler                 0x08000243   Thumb Code     0  startup_stm32f10x_md.o(.text)
    DMA1_Channel3_IRQHandler                 0x08000243   Thumb Code     0  startup_stm32f10x_md.o(.text)
    DMA1_Channel4_IRQHandler                 0x08000243   Thumb Code     0  startup_stm32f10x_md.o(.text)
    DMA1_Channel5_IRQHandler                 0x08000243   Thumb Code     0  startup_stm32f10x_md.o(.text)
    DMA1_Channel6_IRQHandler                 0x08000243   Thumb Code     0  startup_stm32f10x_md.o(.text)
    DMA1_Channel7_IRQHandler                 0x08000243   Thumb Code     0  startup_stm32f10x_md.o(.text)
    EXTI0_IRQHandler                         0x08000243   Thumb Code     0  startup_stm32f10x_md.o(.text)
    EXTI15_10_IRQHandler                     0x08000243   Thumb Code     0  startup_stm32f10x_md.o(.text)
    EXTI1_IRQHandler                         0x08000243   Thumb Code     0  startup_stm32f10x_md.o(.text)
    EXTI2_IRQHandler                         0x08000243   Thumb Code     0  startup_stm32f10x_md.o(.text)
    EXTI3_IRQHandler                         0x08000243   Thumb Code     0  startup_stm32f10x_md.o(.text)
    EXTI4_IRQHandler                         0x08000243   Thumb Code     0  startup_stm32f10x_md.o(.text)
    EXTI9_5_IRQHandler                       0x08000243   Thumb Code     0  startup_stm32f10x_md.o(.text)
    FLASH_IRQHandler                         0x08000243   Thumb Code     0  startup_stm32f10x_md.o(.text)
    I2C1_ER_IRQHandler                       0x08000243   Thumb Code     0  startup_stm32f10x_md.o(.text)
    I2C1_EV_IRQHandler                       0x08000243   Thumb Code     0  startup_stm32f10x_md.o(.text)
    I2C2_ER_IRQHandler                       0x08000243   Thumb Code     0  startup_stm32f10x_md.o(.text)
    I2C2_EV_IRQHandler                       0x08000243   Thumb Code     0  startup_stm32f10x_md.o(.text)
    PVD_IRQHandler                           0x08000243   Thumb Code     0  startup_stm32f10x_md.o(.text)
    RCC_IRQHandler                           0x08000243   Thumb Code     0  startup_stm32f10x_md.o(.text)
    RTCAlarm_IRQHandler                      0x08000243   Thumb Code     0  startup_stm32f10x_md.o(.text)
    RTC_IRQHandler                           0x08000243   Thumb Code     0  startup_stm32f10x_md.o(.text)
    SPI1_IRQHandler                          0x08000243   Thumb Code     0  startup_stm32f10x_md.o(.text)
    SPI2_IRQHandler                          0x08000243   Thumb Code     0  startup_stm32f10x_md.o(.text)
    TAMPER_IRQHandler                        0x08000243   Thumb Code     0  startup_stm32f10x_md.o(.text)
    TIM1_BRK_IRQHandler                      0x08000243   Thumb Code     0  startup_stm32f10x_md.o(.text)
    TIM1_CC_IRQHandler                       0x08000243   Thumb Code     0  startup_stm32f10x_md.o(.text)
    TIM1_TRG_COM_IRQHandler                  0x08000243   Thumb Code     0  startup_stm32f10x_md.o(.text)
    TIM1_UP_IRQHandler                       0x08000243   Thumb Code     0  startup_stm32f10x_md.o(.text)
    TIM2_IRQHandler                          0x08000243   Thumb Code     0  startup_stm32f10x_md.o(.text)
    TIM3_IRQHandler                          0x08000243   Thumb Code     0  startup_stm32f10x_md.o(.text)
    TIM4_IRQHandler                          0x08000243   Thumb Code     0  startup_stm32f10x_md.o(.text)
    USART1_IRQHandler                        0x08000243   Thumb Code     0  startup_stm32f10x_md.o(.text)
    USART2_IRQHandler                        0x08000243   Thumb Code     0  startup_stm32f10x_md.o(.text)
    USART3_IRQHandler                        0x08000243   Thumb Code     0  startup_stm32f10x_md.o(.text)
    USBWakeUp_IRQHandler                     0x08000243   Thumb Code     0  startup_stm32f10x_md.o(.text)
    USB_HP_CAN1_TX_IRQHandler                0x08000243   Thumb Code     0  startup_stm32f10x_md.o(.text)
    USB_LP_CAN1_RX0_IRQHandler               0x08000243   Thumb Code     0  startup_stm32f10x_md.o(.text)
    WWDG_IRQHandler                          0x08000243   Thumb Code     0  startup_stm32f10x_md.o(.text)
    __user_initial_stackheap                 0x08000245   Thumb Code     0  startup_stm32f10x_md.o(.text)
    strcpy                                   0x08000269   Thumb Code    72  strcpy.o(.text)
    strcat                                   0x080002b1   Thumb Code    24  strcat.o(.text)
    __aeabi_memclr                           0x080002c9   Thumb Code     0  rt_memclr.o(.text)
    __rt_memclr                              0x080002c9   Thumb Code    68  rt_memclr.o(.text)
    _memset                                  0x080002cd   Thumb Code     0  rt_memclr.o(.text)
    __use_two_region_memory                  0x0800030d   Thumb Code     2  heapauxi.o(.text)
    __rt_heap_escrow$2region                 0x0800030f   Thumb Code     2  heapauxi.o(.text)
    __rt_heap_expand$2region                 0x08000311   Thumb Code     2  heapauxi.o(.text)
    __aeabi_memclr4                          0x08000313   Thumb Code     0  rt_memclr_w.o(.text)
    __aeabi_memclr8                          0x08000313   Thumb Code     0  rt_memclr_w.o(.text)
    __rt_memclr_w                            0x08000313   Thumb Code    78  rt_memclr_w.o(.text)
    _memset_w                                0x08000317   Thumb Code     0  rt_memclr_w.o(.text)
    __user_setup_stackheap                   0x08000361   Thumb Code    74  sys_stackheap_outer.o(.text)
    exit                                     0x080003ab   Thumb Code    18  exit.o(.text)
    __user_libspace                          0x080003bd   Thumb Code     8  libspace.o(.text)
    __user_perproc_libspace                  0x080003bd   Thumb Code     0  libspace.o(.text)
    __user_perthread_libspace                0x080003bd   Thumb Code     0  libspace.o(.text)
    _sys_exit                                0x080003c5   Thumb Code     8  sys_exit.o(.text)
    __I$use$semihosting                      0x080003d1   Thumb Code     0  use_no_semi.o(.text)
    __use_no_semihosting_swi                 0x080003d1   Thumb Code     2  use_no_semi.o(.text)
    __semihosting_library_function           0x080003d3   Thumb Code     0  indicate_semi.o(.text)
    Cursors_Up_Down                          0x080003d5   Thumb Code   220  visualization.o(i.Cursors_Up_Down)
    DMA1_GPS_config                          0x080004cd   Thumb Code    64  cpu_init.o(i.DMA1_GPS_config)
    DMA_Cmd                                  0x08000519   Thumb Code    24  stm32f10x_dma.o(i.DMA_Cmd)
    DMA_Init                                 0x08000531   Thumb Code    60  stm32f10x_dma.o(i.DMA_Init)
    DMA_StructInit                           0x0800056d   Thumb Code    26  stm32f10x_dma.o(i.DMA_StructInit)
    GPIO_Init                                0x0800059d   Thumb Code   278  stm32f10x_gpio.o(i.GPIO_Init)
    GPIO_ReadInputDataBit                    0x080006b3   Thumb Code    18  stm32f10x_gpio.o(i.GPIO_ReadInputDataBit)
    GPS_SIM28ML_config                       0x080006c5   Thumb Code    10  gps_sim28ml.o(i.GPS_SIM28ML_config)
    GPSbufferCopyDMAbuffer                   0x08000705   Thumb Code    64  functions.o(i.GPSbufferCopyDMAbuffer)
    KeysScan                                 0x08000745   Thumb Code    94  functions.o(i.KeysScan)
    LCD_Call_Answer                          0x080007ad   Thumb Code    50  visualization.o(i.LCD_Call_Answer)
    LCD_Call_Window                          0x08000809   Thumb Code    72  visualization.o(i.LCD_Call_Window)
    LCD_GPS_Data                             0x0800087d   Thumb Code    34  visualization.o(i.LCD_GPS_Data)
    LCD_Number_Generator                     0x080008ad   Thumb Code    16  visualization.o(i.LCD_Number_Generator)
    LcdChr                                   0x080008bd   Thumb Code   432  n3310.o(i.LcdChr)
    LcdClear                                 0x08000a81   Thumb Code    34  n3310.o(i.LcdClear)
    LcdFStr                                  0x08000ab5   Thumb Code    38  n3310.o(i.LcdFStr)
    LcdGotoXYFont                            0x08000add   Thumb Code    40  n3310.o(i.LcdGotoXYFont)
    LcdInit                                  0x08000b09   Thumb Code   168  n3310.o(i.LcdInit)
    LcdUpdate                                0x08000c35   Thumb Code   168  n3310.o(i.LcdUpdate)
    Number_Editor                            0x08000ced   Thumb Code   476  visualization.o(i.Number_Editor)
    Number_Generator_Call                    0x08000ef9   Thumb Code    46  visualization.o(i.Number_Generator_Call)
    RCC_AHBPeriphClockCmd                    0x08000f39   Thumb Code    26  stm32f10x_rcc.o(i.RCC_AHBPeriphClockCmd)
    RCC_APB1PeriphClockCmd                   0x08000f59   Thumb Code    26  stm32f10x_rcc.o(i.RCC_APB1PeriphClockCmd)
    RCC_APB2PeriphClockCmd                   0x08000f79   Thumb Code    26  stm32f10x_rcc.o(i.RCC_APB2PeriphClockCmd)
    RCC_GetClocksFreq                        0x08000f99   Thumb Code   192  stm32f10x_rcc.o(i.RCC_GetClocksFreq)
    SIM800L_config                           0x0800106d   Thumb Code    16  gsm_sim800l.o(i.SIM800L_config)
    SysTick_Handler                          0x08001175   Thumb Code    28  port.o(i.SysTick_Handler)
    SystemInit                               0x08001195   Thumb Code    78  system_stm32f10x.o(i.SystemInit)
    System_config                            0x080011f5   Thumb Code   224  cpu_init.o(i.System_config)
    USART1_GPS_config                        0x080012e1   Thumb Code    60  cpu_init.o(i.USART1_GPS_config)
    USART3_GSM_config                        0x08001321   Thumb Code    50  cpu_init.o(i.USART3_GSM_config)
    USART_Cmd                                0x08001359   Thumb Code    24  stm32f10x_usart.o(i.USART_Cmd)
    USART_DMACmd                             0x08001371   Thumb Code    18  stm32f10x_usart.o(i.USART_DMACmd)
    USART_Init                               0x08001385   Thumb Code   210  stm32f10x_usart.o(i.USART_Init)
    main                                     0x0800145d   Thumb Code   138  main.o(i.main)
    pvPortMalloc                             0x0800175d   Thumb Code    98  heap_1.o(i.pvPortMalloc)
    pxPortInitialiseStack                    0x080017cd   Thumb Code    26  port.o(i.pxPortInitialiseStack)
    refreshGPSbuffer                         0x080017ed   Thumb Code    14  functions.o(i.refreshGPSbuffer)
    send_byte_to_UART1                       0x08001805   Thumb Code    22  uart.o(i.send_byte_to_UART1)
    send_byte_to_UART3                       0x08001821   Thumb Code    22  uart.o(i.send_byte_to_UART3)
    send_str_to_UART1                        0x0800183d   Thumb Code    38  uart.o(i.send_str_to_UART1)
    send_str_to_UART3                        0x08001863   Thumb Code    38  uart.o(i.send_str_to_UART3)
    uxListRemove                             0x08001889   Thumb Code    40  list.o(i.uxListRemove)
    vListInitialise                          0x080018b1   Thumb Code    26  list.o(i.vListInitialise)
    vListInitialiseItem                      0x080018cb   Thumb Code     6  list.o(i.vListInitialiseItem)
    vListInsert                              0x080018d1   Thumb Code    52  list.o(i.vListInsert)
    vListInsertEnd                           0x08001905   Thumb Code    24  list.o(i.vListInsertEnd)
    vPortEnterCritical                       0x0800191d   Thumb Code    26  port.o(i.vPortEnterCritical)
    vPortExitCritical                        0x0800193d   Thumb Code    26  port.o(i.vPortExitCritical)
    vPortFree                                0x0800195d   Thumb Code     2  heap_1.o(i.vPortFree)
    vPortSetupTimerInterrupt                 0x08001961   Thumb Code    14  port.o(i.vPortSetupTimerInterrupt)
    vPortYield                               0x08001975   Thumb Code    18  port.o(i.vPortYield)
    vTaskDelay                               0x0800198d   Thumb Code    48  tasks.o(i.vTaskDelay)
    vTaskDelete                              0x080019c5   Thumb Code   104  tasks.o(i.vTaskDelete)
    vTaskStartScheduler                      0x08001a41   Thumb Code    54  tasks.o(i.vTaskStartScheduler)
    vTaskSuspendAll                          0x08001a91   Thumb Code    12  tasks.o(i.vTaskSuspendAll)
    vTaskSwitchContext                       0x08001aa1   Thumb Code   106  tasks.o(i.vTaskSwitchContext)
    vTask_OperativeComputing                 0x08001b21   Thumb Code    14  tasks_1.o(i.vTask_OperativeComputing)
    vTask_ScanInputDevices                   0x08001b2f   Thumb Code    14  tasks_1.o(i.vTask_ScanInputDevices)
    vTask_SystemInit                         0x08001b3d   Thumb Code    46  tasks_1.o(i.vTask_SystemInit)
    vTask_Visualization                      0x08001b6d   Thumb Code    88  tasks_1.o(i.vTask_Visualization)
    xPortStartScheduler                      0x08001bcd   Thumb Code    42  port.o(i.xPortStartScheduler)
    xTaskGenericCreate                       0x08001c01   Thumb Code   224  tasks.o(i.xTaskGenericCreate)
    xTaskIncrementTick                       0x08001cf9   Thumb Code   218  tasks.o(i.xTaskIncrementTick)
    xTaskResumeAll                           0x08001e01   Thumb Code   184  tasks.o(i.xTaskResumeAll)
    Region$$Table$$Base                      0x080021f8   Number         0  anon$$obj.o(Region$$Table)
    Region$$Table$$Limit                     0x08002218   Number         0  anon$$obj.o(Region$$Table)
    pxCurrentTCB                             0x2000000c   Data           4  tasks.o(.data)
    SYMBOLS                                  0x20000059   Data          10  n3310.o(.data)
    out                                      0x20000063   Data           6  n3310.o(.data)
    commandor                                0x20000069   Data           1  tasks_1.o(.data)
    movx1                                    0x2000007e   Data           1  visualization.o(.data)
    movy1                                    0x2000007f   Data           1  visualization.o(.data)
    movx2                                    0x20000080   Data           1  visualization.o(.data)
    movy2                                    0x20000081   Data           1  visualization.o(.data)
    digits                                   0x20000082   Data          11  visualization.o(.data)
    number                                   0x2000008d   Data          12  visualization.o(.data)
    endcall                                  0x20000099   Data           5  visualization.o(.data)
    answercall                               0x2000009e   Data           4  visualization.o(.data)
    incall                                   0x200000a2   Data           5  visualization.o(.data)
    prefix                                   0x200000a7   Data          25  visualization.o(.data)
    step                                     0x200000c0   Data           1  visualization.o(.data)
    keyBoardStatus                           0x200000c1   Data           1  functions.o(.data)
    DMABuffer                                0x20004784   Data         240  cpu_init.o(.bss)
    GPSBuffer                                0x20004874   Data         240  cpu_init.o(.bss)
    __libspace_start                         0x20004964   Data          96  libspace.o(.bss)
    __temporary_stack_top$libspace           0x200049c4   Data           0  libspace.o(.bss)



==============================================================================

Memory Map of the image

  Image Entry point : 0x08000229

  Load Region LR_1 (Base: 0x08000000, Size: 0x000022dc, Max: 0xffffffff, ABSOLUTE)

    Execution Region ER_RO (Exec base: 0x08000000, Load base: 0x08000000, Size: 0x00002218, Max: 0xffffffff, ABSOLUTE)

    Exec Addr    Load Addr    Size         Type   Attr      Idx    E Section Name        Object

    0x08000000   0x08000000   0x000000ec   Data   RO            3    RESET               startup_stm32f10x_md.o
    0x080000ec   0x080000ec   0x00000008   Code   RO         3317  * !!!main             c_w.l(__main.o)
    0x080000f4   0x080000f4   0x00000034   Code   RO         3505    !!!scatter          c_w.l(__scatter.o)
    0x08000128   0x08000128   0x0000001a   Code   RO         3507    !!handler_copy      c_w.l(__scatter_copy.o)
    0x08000142   0x08000142   0x00000002   PAD
    0x08000144   0x08000144   0x0000001c   Code   RO         3509    !!handler_zi        c_w.l(__scatter_zi.o)
    0x08000160   0x08000160   0x00000002   Code   RO         3375    .ARM.Collect$$libinit$$00000000  c_w.l(libinit.o)
    0x08000162   0x08000162   0x00000000   Code   RO         3382    .ARM.Collect$$libinit$$00000002  c_w.l(libinit2.o)
    0x08000162   0x08000162   0x00000000   Code   RO         3384    .ARM.Collect$$libinit$$00000004  c_w.l(libinit2.o)
    0x08000162   0x08000162   0x00000000   Code   RO         3387    .ARM.Collect$$libinit$$0000000A  c_w.l(libinit2.o)
    0x08000162   0x08000162   0x00000000   Code   RO         3389    .ARM.Collect$$libinit$$0000000C  c_w.l(libinit2.o)
    0x08000162   0x08000162   0x00000000   Code   RO         3391    .ARM.Collect$$libinit$$0000000E  c_w.l(libinit2.o)
    0x08000162   0x08000162   0x00000000   Code   RO         3394    .ARM.Collect$$libinit$$00000011  c_w.l(libinit2.o)
    0x08000162   0x08000162   0x00000000   Code   RO         3396    .ARM.Collect$$libinit$$00000013  c_w.l(libinit2.o)
    0x08000162   0x08000162   0x00000000   Code   RO         3398    .ARM.Collect$$libinit$$00000015  c_w.l(libinit2.o)
    0x08000162   0x08000162   0x00000000   Code   RO         3400    .ARM.Collect$$libinit$$00000017  c_w.l(libinit2.o)
    0x08000162   0x08000162   0x00000000   Code   RO         3402    .ARM.Collect$$libinit$$00000019  c_w.l(libinit2.o)
    0x08000162   0x08000162   0x00000000   Code   RO         3404    .ARM.Collect$$libinit$$0000001B  c_w.l(libinit2.o)
    0x08000162   0x08000162   0x00000000   Code   RO         3406    .ARM.Collect$$libinit$$0000001D  c_w.l(libinit2.o)
    0x08000162   0x08000162   0x00000000   Code   RO         3408    .ARM.Collect$$libinit$$0000001F  c_w.l(libinit2.o)
    0x08000162   0x08000162   0x00000000   Code   RO         3410    .ARM.Collect$$libinit$$00000021  c_w.l(libinit2.o)
    0x08000162   0x08000162   0x00000000   Code   RO         3412    .ARM.Collect$$libinit$$00000023  c_w.l(libinit2.o)
    0x08000162   0x08000162   0x00000000   Code   RO         3414    .ARM.Collect$$libinit$$00000025  c_w.l(libinit2.o)
    0x08000162   0x08000162   0x00000000   Code   RO         3418    .ARM.Collect$$libinit$$0000002C  c_w.l(libinit2.o)
    0x08000162   0x08000162   0x00000000   Code   RO         3420    .ARM.Collect$$libinit$$0000002E  c_w.l(libinit2.o)
    0x08000162   0x08000162   0x00000000   Code   RO         3422    .ARM.Collect$$libinit$$00000030  c_w.l(libinit2.o)
    0x08000162   0x08000162   0x00000000   Code   RO         3424    .ARM.Collect$$libinit$$00000032  c_w.l(libinit2.o)
    0x08000162   0x08000162   0x00000002   Code   RO         3425    .ARM.Collect$$libinit$$00000033  c_w.l(libinit2.o)
    0x08000164   0x08000164   0x00000002   Code   RO         3445    .ARM.Collect$$libshutdown$$00000000  c_w.l(libshutdown.o)
    0x08000166   0x08000166   0x00000000   Code   RO         3458    .ARM.Collect$$libshutdown$$00000002  c_w.l(libshutdown2.o)
    0x08000166   0x08000166   0x00000000   Code   RO         3460    .ARM.Collect$$libshutdown$$00000004  c_w.l(libshutdown2.o)
    0x08000166   0x08000166   0x00000000   Code   RO         3463    .ARM.Collect$$libshutdown$$00000007  c_w.l(libshutdown2.o)
    0x08000166   0x08000166   0x00000000   Code   RO         3466    .ARM.Collect$$libshutdown$$0000000A  c_w.l(libshutdown2.o)
    0x08000166   0x08000166   0x00000000   Code   RO         3468    .ARM.Collect$$libshutdown$$0000000C  c_w.l(libshutdown2.o)
    0x08000166   0x08000166   0x00000000   Code   RO         3471    .ARM.Collect$$libshutdown$$0000000F  c_w.l(libshutdown2.o)
    0x08000166   0x08000166   0x00000002   Code   RO         3472    .ARM.Collect$$libshutdown$$00000010  c_w.l(libshutdown2.o)
    0x08000168   0x08000168   0x00000000   Code   RO         3341    .ARM.Collect$$rtentry$$00000000  c_w.l(__rtentry.o)
    0x08000168   0x08000168   0x00000000   Code   RO         3352    .ARM.Collect$$rtentry$$00000002  c_w.l(__rtentry2.o)
    0x08000168   0x08000168   0x00000006   Code   RO         3364    .ARM.Collect$$rtentry$$00000004  c_w.l(__rtentry4.o)
    0x0800016e   0x0800016e   0x00000000   Code   RO         3354    .ARM.Collect$$rtentry$$00000009  c_w.l(__rtentry2.o)
    0x0800016e   0x0800016e   0x00000004   Code   RO         3355    .ARM.Collect$$rtentry$$0000000A  c_w.l(__rtentry2.o)
    0x08000172   0x08000172   0x00000000   Code   RO         3357    .ARM.Collect$$rtentry$$0000000C  c_w.l(__rtentry2.o)
    0x08000172   0x08000172   0x00000008   Code   RO         3358    .ARM.Collect$$rtentry$$0000000D  c_w.l(__rtentry2.o)
    0x0800017a   0x0800017a   0x00000002   Code   RO         3379    .ARM.Collect$$rtexit$$00000000  c_w.l(rtexit.o)
    0x0800017c   0x0800017c   0x00000000   Code   RO         3427    .ARM.Collect$$rtexit$$00000002  c_w.l(rtexit2.o)
    0x0800017c   0x0800017c   0x00000004   Code   RO         3428    .ARM.Collect$$rtexit$$00000003  c_w.l(rtexit2.o)
    0x08000180   0x08000180   0x00000006   Code   RO         3429    .ARM.Collect$$rtexit$$00000004  c_w.l(rtexit2.o)
    0x08000186   0x08000186   0x00000002   PAD
    0x08000188   0x08000188   0x0000009e   Code   RO          302    .emb_text           port.o
    0x08000226   0x08000226   0x00000002   PAD
    0x08000228   0x08000228   0x00000040   Code   RO            4  * .text               startup_stm32f10x_md.o
    0x08000268   0x08000268   0x00000048   Code   RO         3307    .text               c_w.l(strcpy.o)
    0x080002b0   0x080002b0   0x00000018   Code   RO         3309    .text               c_w.l(strcat.o)
    0x080002c8   0x080002c8   0x00000044   Code   RO         3313    .text               c_w.l(rt_memclr.o)
    0x0800030c   0x0800030c   0x00000006   Code   RO         3315    .text               c_w.l(heapauxi.o)
    0x08000312   0x08000312   0x0000004e   Code   RO         3344    .text               c_w.l(rt_memclr_w.o)
    0x08000360   0x08000360   0x0000004a   Code   RO         3366    .text               c_w.l(sys_stackheap_outer.o)
    0x080003aa   0x080003aa   0x00000012   Code   RO         3368    .text               c_w.l(exit.o)
    0x080003bc   0x080003bc   0x00000008   Code   RO         3376    .text               c_w.l(libspace.o)
    0x080003c4   0x080003c4   0x0000000c   Code   RO         3437    .text               c_w.l(sys_exit.o)
    0x080003d0   0x080003d0   0x00000002   Code   RO         3448    .text               c_w.l(use_no_semi.o)
    0x080003d2   0x080003d2   0x00000000   Code   RO         3450    .text               c_w.l(indicate_semi.o)
    0x080003d2   0x080003d2   0x00000002   PAD
    0x080003d4   0x080003d4   0x000000f8   Code   RO         3092    i.Cursors_Up_Down   visualization.o
    0x080004cc   0x080004cc   0x0000004c   Code   RO         3257    i.DMA1_GPS_config   cpu_init.o
    0x08000518   0x08000518   0x00000018   Code   RO         1272    i.DMA_Cmd           stm32f10x_dma.o
    0x08000530   0x08000530   0x0000003c   Code   RO         1278    i.DMA_Init          stm32f10x_dma.o
    0x0800056c   0x0800056c   0x0000001a   Code   RO         1280    i.DMA_StructInit    stm32f10x_dma.o
    0x08000586   0x08000586   0x00000002   PAD
    0x08000588   0x08000588   0x00000014   Code   RO          771    i.Delay             n3310.o
    0x0800059c   0x0800059c   0x00000116   Code   RO         1522    i.GPIO_Init         stm32f10x_gpio.o
    0x080006b2   0x080006b2   0x00000012   Code   RO         1526    i.GPIO_ReadInputDataBit  stm32f10x_gpio.o
    0x080006c4   0x080006c4   0x00000040   Code   RO         3293    i.GPS_SIM28ML_config  gps_sim28ml.o
    0x08000704   0x08000704   0x00000040   Code   RO         3226    i.GPSbufferCopyDMAbuffer  functions.o
    0x08000744   0x08000744   0x00000068   Code   RO         3227    i.KeysScan          functions.o
    0x080007ac   0x080007ac   0x0000005c   Code   RO         3093    i.LCD_Call_Answer   visualization.o
    0x08000808   0x08000808   0x00000074   Code   RO         3094    i.LCD_Call_Window   visualization.o
    0x0800087c   0x0800087c   0x00000030   Code   RO         3095    i.LCD_GPS_Data      visualization.o
    0x080008ac   0x080008ac   0x00000010   Code   RO         3096    i.LCD_Number_Generator  visualization.o
    0x080008bc   0x080008bc   0x000001c4   Code   RO          774    i.LcdChr            n3310.o
    0x08000a80   0x08000a80   0x00000034   Code   RO          776    i.LcdClear          n3310.o
    0x08000ab4   0x08000ab4   0x00000026   Code   RO          778    i.LcdFStr           n3310.o
    0x08000ada   0x08000ada   0x00000002   PAD
    0x08000adc   0x08000adc   0x0000002c   Code   RO          779    i.LcdGotoXYFont     n3310.o
    0x08000b08   0x08000b08   0x000000ac   Code   RO          781    i.LcdInit           n3310.o
    0x08000bb4   0x08000bb4   0x00000080   Code   RO          787    i.LcdSend           n3310.o
    0x08000c34   0x08000c34   0x000000b8   Code   RO          790    i.LcdUpdate         n3310.o
    0x08000cec   0x08000cec   0x0000020c   Code   RO         3097    i.Number_Editor     visualization.o
    0x08000ef8   0x08000ef8   0x00000040   Code   RO         3098    i.Number_Generator_Call  visualization.o
    0x08000f38   0x08000f38   0x00000020   Code   RO         1631    i.RCC_AHBPeriphClockCmd  stm32f10x_rcc.o
    0x08000f58   0x08000f58   0x00000020   Code   RO         1632    i.RCC_APB1PeriphClockCmd  stm32f10x_rcc.o
    0x08000f78   0x08000f78   0x00000020   Code   RO         1634    i.RCC_APB2PeriphClockCmd  stm32f10x_rcc.o
    0x08000f98   0x08000f98   0x000000d4   Code   RO         1642    i.RCC_GetClocksFreq  stm32f10x_rcc.o
    0x0800106c   0x0800106c   0x00000020   Code   RO         3214    i.SIM800L_config    gsm_sim800l.o
    0x0800108c   0x0800108c   0x00000008   Code   RO           63    i.SetSysClock       system_stm32f10x.o
    0x08001094   0x08001094   0x000000e0   Code   RO           64    i.SetSysClockTo72   system_stm32f10x.o
    0x08001174   0x08001174   0x00000020   Code   RO          303    i.SysTick_Handler   port.o
    0x08001194   0x08001194   0x00000060   Code   RO           66    i.SystemInit        system_stm32f10x.o
    0x080011f4   0x080011f4   0x000000ec   Code   RO         3258    i.System_config     cpu_init.o
    0x080012e0   0x080012e0   0x00000040   Code   RO         3259    i.USART1_GPS_config  cpu_init.o
    0x08001320   0x08001320   0x00000038   Code   RO         3260    i.USART3_GSM_config  cpu_init.o
    0x08001358   0x08001358   0x00000018   Code   RO         2802    i.USART_Cmd         stm32f10x_usart.o
    0x08001370   0x08001370   0x00000012   Code   RO         2803    i.USART_DMACmd      stm32f10x_usart.o
    0x08001382   0x08001382   0x00000002   PAD
    0x08001384   0x08001384   0x000000d8   Code   RO         2809    i.USART_Init        stm32f10x_usart.o
    0x0800145c   0x0800145c   0x000000f0   Code   RO           10    i.main              main.o
    0x0800154c   0x0800154c   0x00000054   Code   RO          521    i.prvAddCurrentTaskToDelayedList  tasks.o
    0x080015a0   0x080015a0   0x0000002e   Code   RO          522    i.prvAllocateTCBAndStack  tasks.o
    0x080015ce   0x080015ce   0x00000002   PAD
    0x080015d0   0x080015d0   0x00000064   Code   RO          523    i.prvCheckTasksWaitingTermination  tasks.o
    0x08001634   0x08001634   0x00000012   Code   RO          524    i.prvDeleteTCB      tasks.o
    0x08001646   0x08001646   0x00000002   PAD
    0x08001648   0x08001648   0x00000018   Code   RO          525    i.prvIdleTask       tasks.o
    0x08001660   0x08001660   0x00000056   Code   RO          526    i.prvInitialiseTCBVariables  tasks.o
    0x080016b6   0x080016b6   0x00000002   PAD
    0x080016b8   0x080016b8   0x00000068   Code   RO          527    i.prvInitialiseTaskLists  tasks.o
    0x08001720   0x08001720   0x00000034   Code   RO          528    i.prvResetNextTaskUnblockTime  tasks.o
    0x08001754   0x08001754   0x00000008   Code   RO          304    i.prvTaskExitError  port.o
    0x0800175c   0x0800175c   0x00000070   Code   RO          233    i.pvPortMalloc      heap_1.o
    0x080017cc   0x080017cc   0x00000020   Code   RO          305    i.pxPortInitialiseStack  port.o
    0x080017ec   0x080017ec   0x00000018   Code   RO         3228    i.refreshGPSbuffer  functions.o
    0x08001804   0x08001804   0x0000001c   Code   RO         3161    i.send_byte_to_UART1  uart.o
    0x08001820   0x08001820   0x0000001c   Code   RO         3162    i.send_byte_to_UART3  uart.o
    0x0800183c   0x0800183c   0x00000026   Code   RO         3163    i.send_str_to_UART1  uart.o
    0x08001862   0x08001862   0x00000026   Code   RO         3164    i.send_str_to_UART3  uart.o
    0x08001888   0x08001888   0x00000028   Code   RO          266    i.uxListRemove      list.o
    0x080018b0   0x080018b0   0x0000001a   Code   RO          267    i.vListInitialise   list.o
    0x080018ca   0x080018ca   0x00000006   Code   RO          268    i.vListInitialiseItem  list.o
    0x080018d0   0x080018d0   0x00000034   Code   RO          269    i.vListInsert       list.o
    0x08001904   0x08001904   0x00000018   Code   RO          270    i.vListInsertEnd    list.o
    0x0800191c   0x0800191c   0x00000020   Code   RO          307    i.vPortEnterCritical  port.o
    0x0800193c   0x0800193c   0x00000020   Code   RO          308    i.vPortExitCritical  port.o
    0x0800195c   0x0800195c   0x00000002   Code   RO          234    i.vPortFree         heap_1.o
    0x0800195e   0x0800195e   0x00000002   PAD
    0x08001960   0x08001960   0x00000014   Code   RO          309    i.vPortSetupTimerInterrupt  port.o
    0x08001974   0x08001974   0x00000018   Code   RO          310    i.vPortYield        port.o
    0x0800198c   0x0800198c   0x00000038   Code   RO          533    i.vTaskDelay        tasks.o
    0x080019c4   0x080019c4   0x0000007c   Code   RO          535    i.vTaskDelete       tasks.o
    0x08001a40   0x08001a40   0x00000050   Code   RO          545    i.vTaskStartScheduler  tasks.o
    0x08001a90   0x08001a90   0x00000010   Code   RO          547    i.vTaskSuspendAll   tasks.o
    0x08001aa0   0x08001aa0   0x00000080   Code   RO          548    i.vTaskSwitchContext  tasks.o
    0x08001b20   0x08001b20   0x0000000e   Code   RO          935    i.vTask_OperativeComputing  tasks_1.o
    0x08001b2e   0x08001b2e   0x0000000e   Code   RO          936    i.vTask_ScanInputDevices  tasks_1.o
    0x08001b3c   0x08001b3c   0x0000002e   Code   RO          937    i.vTask_SystemInit  tasks_1.o
    0x08001b6a   0x08001b6a   0x00000002   PAD
    0x08001b6c   0x08001b6c   0x00000060   Code   RO          938    i.vTask_Visualization  tasks_1.o
    0x08001bcc   0x08001bcc   0x00000034   Code   RO          311    i.xPortStartScheduler  port.o
    0x08001c00   0x08001c00   0x000000f8   Code   RO          550    i.xTaskGenericCreate  tasks.o
    0x08001cf8   0x08001cf8   0x00000108   Code   RO          556    i.xTaskIncrementTick  tasks.o
    0x08001e00   0x08001e00   0x000000d8   Code   RO          559    i.xTaskResumeAll    tasks.o
    0x08001ed8   0x08001ed8   0x00000320   Data   RO          793    .constdata          n3310.o
    0x080021f8   0x080021f8   0x00000020   Data   RO         3503    Region$$Table       anon$$obj.o


    Execution Region ER_RW (Exec base: 0x20000000, Load base: 0x08002218, Size: 0x000000c4, Max: 0xffffffff, ABSOLUTE)

    Exec Addr    Load Addr    Size         Type   Attr      Idx    E Section Name        Object

    0x20000000   0x08002218   0x00000008   Data   RW          238    .data               heap_1.o
    0x20000008   0x08002220   0x00000004   Data   RW          312    .data               port.o
    0x2000000c   0x08002224   0x0000003c   Data   RW          562    .data               tasks.o
    0x20000048   0x08002260   0x00000021   Data   RW          794    .data               n3310.o
    0x20000069   0x08002281   0x00000001   Data   RW          940    .data               tasks_1.o
    0x2000006a   0x08002282   0x00000014   Data   RW         1662    .data               stm32f10x_rcc.o
    0x2000007e   0x08002296   0x00000043   Data   RW         3100    .data               visualization.o
    0x200000c1   0x080022d9   0x00000001   Data   RW         3229    .data               functions.o


    Execution Region ER_ZI (Exec base: 0x200000c4, Load base: 0x080022dc, Size: 0x00004f04, Max: 0xffffffff, ABSOLUTE)

    Exec Addr    Load Addr    Size         Type   Attr      Idx    E Section Name        Object

    0x200000c4        -       0x00004400   Zero   RW          237    .bss                heap_1.o
    0x200044c4        -       0x000000c8   Zero   RW          561    .bss                tasks.o
    0x2000458c        -       0x000001f8   Zero   RW          792    .bss                n3310.o
    0x20004784        -       0x000001e0   Zero   RW         3261    .bss                cpu_init.o
    0x20004964        -       0x00000060   Zero   RW         3377    .bss                c_w.l(libspace.o)
    0x200049c4   0x080022dc   0x00000004   PAD
    0x200049c8        -       0x00000200   Zero   RW            2    HEAP                startup_stm32f10x_md.o
    0x20004bc8        -       0x00000400   Zero   RW            1    STACK               startup_stm32f10x_md.o


==============================================================================

Image component sizes


      Code (inc. data)   RO Data    RW Data    ZI Data      Debug   Object Name

       432         34          0          0        480       3260   cpu_init.o
         0          0          0          0          0       1472   event_groups.o
       192         20          0          1          0       1976   functions.o
        64         54          0          0          0        481   gps_sim28ml.o
        32         16          0          0          0        477   gsm_sim800l.o
       114         14          0          8      17408       1883   heap_1.o
       148          0          0          0          0       3098   list.o
       240        102          0          0          0      11531   main.o
      1090         72        800         33        504     226478   n3310.o
       390         56          0          4          0       6365   port.o
        64         26        236          0       1536        936   startup_stm32f10x_md.o
       110          0          0          0          0       3514   stm32f10x_dma.o
       296          0          0          0          0       2776   stm32f10x_gpio.o
       308         38          0         20          0       5274   stm32f10x_rcc.o
       258          6          0          0          0       3660   stm32f10x_usart.o
       328         28          0          0          0       2201   system_stm32f10x.o
      1646        266          0         60        200      13058   tasks.o
       170          8          0          1          0      19685   tasks_1.o
       132         12          0          0          0       2090   uart.o
      1108        204          0         67          0       5515   visualization.o

    ----------------------------------------------------------------------
      7140        956       1068        196      20128     315730   Object Totals
         0          0         32          0          0          0   (incl. Generated)
        18          0          0          2          0          0   (incl. Padding)

    ----------------------------------------------------------------------

      Code (inc. data)   RO Data    RW Data    ZI Data      Debug   Library Member Name

         8          0          0          0          0         68   __main.o
         0          0          0          0          0          0   __rtentry.o
        12          0          0          0          0          0   __rtentry2.o
         6          0          0          0          0          0   __rtentry4.o
        52          8          0          0          0          0   __scatter.o
        26          0          0          0          0          0   __scatter_copy.o
        28          0          0          0          0          0   __scatter_zi.o
        18          0          0          0          0         80   exit.o
         6          0          0          0          0        152   heapauxi.o
         0          0          0          0          0          0   indicate_semi.o
         2          0          0          0          0          0   libinit.o
         2          0          0          0          0          0   libinit2.o
         2          0          0          0          0          0   libshutdown.o
         2          0          0          0          0          0   libshutdown2.o
         8          4          0          0         96         68   libspace.o
        68          0          0          0          0         68   rt_memclr.o
        78          0          0          0          0         80   rt_memclr_w.o
         2          0          0          0          0          0   rtexit.o
        10          0          0          0          0          0   rtexit2.o
        24          0          0          0          0         68   strcat.o
        72          0          0          0          0         80   strcpy.o
        12          4          0          0          0         68   sys_exit.o
        74          0          0          0          0         80   sys_stackheap_outer.o
         2          0          0          0          0         68   use_no_semi.o

    ----------------------------------------------------------------------
       520         16          0          0        100        880   Library Totals
         6          0          0          0          4          0   (incl. Padding)

    ----------------------------------------------------------------------

      Code (inc. data)   RO Data    RW Data    ZI Data      Debug   Library Name

       514         16          0          0         96        880   c_w.l

    ----------------------------------------------------------------------
       520         16          0          0        100        880   Library Totals

    ----------------------------------------------------------------------

==============================================================================


      Code (inc. data)   RO Data    RW Data    ZI Data      Debug   

      7660        972       1068        196      20228     312290   Grand Totals
      7660        972       1068        196      20228     312290   ELF Image Totals
      7660        972       1068        196          0          0   ROM Totals

==============================================================================

    Total RO  Size (Code + RO Data)                 8728 (   8.52kB)
    Total RW  Size (RW Data + ZI Data)             20424 (  19.95kB)
    Total ROM Size (Code + RO Data + RW Data)       8924 (   8.71kB)

==============================================================================

